[01:24:33] [main/INFO] (FabricLoader/GameProvider) Loading Minecraft 1.20.1 with Fabric Loader 0.15.11
[01:24:34] [main/INFO] (FabricLoader) Loading 59 mods:
	- fabric-api 0.92.2+1.20.1
	- fabric-api-base 0.4.31+1802ada577
	- fabric-api-lookup-api-v1 1.6.36+1802ada577
	- fabric-biome-api-v1 13.0.13+1802ada577
	- fabric-block-api-v1 1.0.11+1802ada577
	- fabric-block-view-api-v2 1.0.1+1802ada577
	- fabric-blockrenderlayer-v1 1.1.41+1802ada577
	- fabric-client-tags-api-v1 1.1.2+1802ada577
	- fabric-command-api-v1 1.2.34+f71b366f77
	- fabric-command-api-v2 2.2.13+1802ada577
	- fabric-commands-v0 0.2.51+df3654b377
	- fabric-containers-v0 0.1.64+df3654b377
	- fabric-content-registries-v0 4.0.11+1802ada577
	- fabric-convention-tags-v1 1.5.5+1802ada577
	- fabric-crash-report-info-v1 0.2.19+1802ada577
	- fabric-data-attachment-api-v1 1.0.0+de0fd6d177
	- fabric-data-generation-api-v1 12.3.4+1802ada577
	- fabric-dimensions-v1 2.1.54+1802ada577
	- fabric-entity-events-v1 1.6.0+1c78457f77
	- fabric-events-interaction-v0 0.6.2+1802ada577
	- fabric-events-lifecycle-v0 0.2.63+df3654b377
	- fabric-game-rule-api-v1 1.0.40+1802ada577
	- fabric-gametest-api-v1 1.2.13+1802ada577
	- fabric-item-api-v1 2.1.28+1802ada577
	- fabric-item-group-api-v1 4.0.12+1802ada577
	- fabric-key-binding-api-v1 1.0.37+1802ada577
	- fabric-keybindings-v0 0.2.35+df3654b377
	- fabric-lifecycle-events-v1 2.2.22+1802ada577
	- fabric-loot-api-v2 1.2.1+1802ada577
	- fabric-loot-tables-v1 1.1.45+9e7660c677
	- fabric-message-api-v1 5.1.9+1802ada577
	- fabric-mining-level-api-v1 2.1.50+1802ada577
	- fabric-model-loading-api-v1 1.0.3+1802ada577
	- fabric-models-v0 0.4.2+9386d8a777
	- fabric-networking-api-v1 1.3.11+1802ada577
	- fabric-networking-v0 0.3.51+df3654b377
	- fabric-object-builder-api-v1 11.1.3+1802ada577
	- fabric-particles-v1 1.1.2+1802ada577
	- fabric-recipe-api-v1 1.0.21+1802ada577
	- fabric-registry-sync-v0 2.3.3+1802ada577
	- fabric-renderer-api-v1 3.2.1+1802ada577
	- fabric-renderer-indigo 1.5.2+85287f9f77
	- fabric-renderer-registries-v1 3.2.46+df3654b377
	- fabric-rendering-data-attachment-v1 0.3.37+92a0d36777
	- fabric-rendering-fluids-v1 3.0.28+1802ada577
	- fabric-rendering-v0 1.1.49+df3654b377
	- fabric-rendering-v1 3.0.8+1802ada577
	- fabric-resource-conditions-api-v1 2.3.8+1802ada577
	- fabric-resource-loader-v0 0.11.10+1802ada577
	- fabric-screen-api-v1 2.0.8+1802ada577
	- fabric-screen-handler-api-v1 1.3.30+1802ada577
	- fabric-sound-api-v1 1.0.13+1802ada577
	- fabric-transfer-api-v1 3.3.5+8dd72ea377
	- fabric-transitive-access-wideners-v1 4.3.1+1802ada577
	- fabricloader 0.15.11
	   \-- mixinextras 0.3.5
	- java 17
	- mace_backport 8.1.8.2
	- minecraft 1.20.1
[01:24:35] [main/INFO] (FabricLoader/Mixin) SpongePowered MIXIN Subsystem Version=0.8.5 Source=file:/C:/Users/derex/Documents/GitHub/Mace-Mod/fabric/1.20.1/.gradle-cache/caches/modules-2/files-2.1/net.fabricmc/sponge-mixin/0.13.3+mixin.0.8.5/9527e6b0d2449408958fd1302594dc65ec5ade9c/sponge-mixin-0.13.3+mixin.0.8.5.jar Service=Knot/Fabric Env=CLIENT
[01:24:35] [main/INFO] (FabricLoader/Mixin) Loaded Fabric development mappings for mixin remapper!
[01:24:35] [main/INFO] (FabricLoader/Mixin) Compatibility level set to JAVA_16
[01:24:35] [main/INFO] (FabricLoader/Mixin) Compatibility level set to JAVA_17
[01:24:38] [main/INFO] (FabricLoader/MixinExtras|Service) Initializing MixinExtras via com.llamalad7.mixinextras.service.MixinExtrasServiceImpl(version=0.3.5).
[01:24:47] [Datafixer Bootstrap/INFO] (Minecraft) 188 Datafixer optimizations took 203 milliseconds
[01:24:51] [Render thread/INFO] (Minecraft) Environment: authHost='https://authserver.mojang.com', accountsHost='https://api.mojang.com', sessionHost='https://sessionserver.mojang.com', servicesHost='https://api.minecraftservices.com', name='PROD'
[01:24:52] [Render thread/ERROR] (Minecraft) Failed to verify authentication
com.mojang.authlib.exceptions.InvalidCredentialsException: Status: 401
	at com.mojang.authlib.exceptions.MinecraftClientHttpException.toAuthenticationException(MinecraftClientHttpException.java:56) ~[authlib-4.0.43.jar:?]
	at com.mojang.authlib.yggdrasil.YggdrasilUserApiService.fetchProperties(YggdrasilUserApiService.java:156) ~[authlib-4.0.43.jar:?]
	at com.mojang.authlib.yggdrasil.YggdrasilUserApiService.<init>(YggdrasilUserApiService.java:55) ~[authlib-4.0.43.jar:?]
	at com.mojang.authlib.yggdrasil.YggdrasilAuthenticationService.createUserApiService(YggdrasilAuthenticationService.java:124) ~[authlib-4.0.43.jar:?]
	at net.minecraft.client.Minecraft.createUserApiService(Minecraft.java:733) ~[minecraft-merged-project-root-1.20.1-loom.mappings.1_20_1.layered+hash.2198-v2.jar:?]
	at net.minecraft.client.Minecraft.<init>(Minecraft.java:442) ~[minecraft-merged-project-root-1.20.1-loom.mappings.1_20_1.layered+hash.2198-v2.jar:?]
	at net.minecraft.client.main.Main.main(Main.java:211) ~[minecraft-merged-project-root-1.20.1-loom.mappings.1_20_1.layered+hash.2198-v2.jar:?]
	at net.fabricmc.loader.impl.game.minecraft.MinecraftGameProvider.launch(MinecraftGameProvider.java:470) ~[fabric-loader-0.15.11.jar:?]
	at net.fabricmc.loader.impl.launch.knot.Knot.launch(Knot.java:74) ~[fabric-loader-0.15.11.jar:?]
	at net.fabricmc.loader.impl.launch.knot.KnotClient.main(KnotClient.java:23) ~[fabric-loader-0.15.11.jar:?]
	at net.fabricmc.devlaunchinjector.Main.main(Main.java:86) ~[dev-launch-injector-0.2.1+build.8.jar:?]
Caused by: com.mojang.authlib.exceptions.MinecraftClientHttpException: Status: 401
	at com.mojang.authlib.minecraft.client.MinecraftClient.readInputStream(MinecraftClient.java:85) ~[authlib-4.0.43.jar:?]
	at com.mojang.authlib.minecraft.client.MinecraftClient.get(MinecraftClient.java:48) ~[authlib-4.0.43.jar:?]
	at com.mojang.authlib.yggdrasil.YggdrasilUserApiService.fetchProperties(YggdrasilUserApiService.java:129) ~[authlib-4.0.43.jar:?]
	... 9 more
[01:24:52] [Render thread/INFO] (Minecraft) Setting user: Player148
[01:24:52] [Render thread/INFO] (mace_backport) Initializing MaceBackportMod
[01:24:52] [Render thread/INFO] (Indigo) [Indigo] Registering Indigo renderer!
[01:24:53] [Render thread/INFO] (Minecraft) Backend library: LWJGL version 3.3.1 SNAPSHOT
[01:24:56] [Render thread/INFO] (Minecraft) Reloading ResourceManager: vanilla, fabric (fabricloader, fabric-data-generation-api-v1, fabric-biome-api-v1, fabric-api-lookup-api-v1, fabric-sound-api-v1, fabric-events-interaction-v0, fabric-gametest-api-v1, fabric-renderer-api-v1, fabric-client-tags-api-v1, fabric-item-api-v1, fabric-networking-api-v1, fabric-rendering-v1, fabric-convention-tags-v1, fabric-game-rule-api-v1, fabric-particles-v1, fabric-screen-handler-api-v1, fabric-key-binding-api-v1, fabric-item-group-api-v1, fabric-rendering-v0, fabric-containers-v0, fabric-loot-api-v2, fabric-transfer-api-v1, fabric-block-api-v1, fabric-command-api-v1, fabric-loot-tables-v1, fabric-renderer-registries-v1, fabric-message-api-v1, fabric-keybindings-v0, fabric-models-v0, fabric-rendering-fluids-v1, fabric-blockrenderlayer-v1, fabric-command-api-v2, fabric-resource-conditions-api-v1, fabric-object-builder-api-v1, fabric-mining-level-api-v1, fabric-transitive-access-wideners-v1, fabric-content-registries-v0, fabric-screen-api-v1, fabric-api-base, fabric-renderer-indigo, fabric-resource-loader-v0, fabric-rendering-data-attachment-v1, mace_backport, fabric-model-loading-api-v1, fabric-dimensions-v1, fabric-commands-v0, fabric-api, fabric-events-lifecycle-v0, fabric-lifecycle-events-v1, fabric-block-view-api-v2, fabric-registry-sync-v0, fabric-data-attachment-api-v1, fabric-recipe-api-v1, fabric-entity-events-v1, fabric-networking-v0, fabric-crash-report-info-v1)
[01:24:57] [Worker-Main-8/INFO] (Minecraft) Found unifont_all_no_pua-15.0.06.hex, loading
[01:24:58] [Render thread/WARN] (Minecraft) Missing sound for event: minecraft:item.goat_horn.play
[01:24:58] [Render thread/WARN] (Minecraft) Missing sound for event: minecraft:entity.goat.screaming.horn_break
[01:24:59] [Render thread/INFO] (Minecraft) OpenAL initialized on device OpenAL Soft on Speakers (Realtek(R) Audio)
[01:24:59] [Render thread/INFO] (Minecraft) Sound engine started
[01:24:59] [Render thread/INFO] (Minecraft) Created: 1024x512x4 minecraft:textures/atlas/blocks.png-atlas
[01:24:59] [Render thread/INFO] (Minecraft) Created: 256x256x4 minecraft:textures/atlas/signs.png-atlas
[01:24:59] [Render thread/INFO] (Minecraft) Created: 512x512x4 minecraft:textures/atlas/shield_patterns.png-atlas
[01:24:59] [Render thread/INFO] (Minecraft) Created: 512x512x4 minecraft:textures/atlas/banner_patterns.png-atlas
[01:24:59] [Render thread/INFO] (Minecraft) Created: 1024x1024x4 minecraft:textures/atlas/armor_trims.png-atlas
[01:24:59] [Render thread/INFO] (Minecraft) Created: 128x64x4 minecraft:textures/atlas/decorated_pot.png-atlas
[01:24:59] [Render thread/INFO] (Minecraft) Created: 256x256x4 minecraft:textures/atlas/chest.png-atlas
[01:24:59] [Render thread/INFO] (Minecraft) Created: 512x256x4 minecraft:textures/atlas/beds.png-atlas
[01:24:59] [Render thread/INFO] (Minecraft) Created: 512x256x4 minecraft:textures/atlas/shulker_boxes.png-atlas
[01:25:00] [Render thread/WARN] (Minecraft) Shader rendertype_entity_translucent_emissive could not find sampler named Sampler2 in the specified shader program.
[01:25:00] [Render thread/INFO] (Minecraft) Created: 256x256x0 minecraft:textures/atlas/particles.png-atlas
[01:25:00] [Render thread/INFO] (Minecraft) Created: 256x256x0 minecraft:textures/atlas/paintings.png-atlas
[01:25:00] [Render thread/INFO] (Minecraft) Created: 128x128x0 minecraft:textures/atlas/mob_effects.png-atlas
[01:25:12] [Realms Notification Availability checker #1/INFO] (Minecraft) Could not authorize you against Realms server: java.lang.RuntimeException: Failed to parse into SignedJWT: FabricMC
[01:25:17] [Render thread/INFO] (Minecraft) Loaded 7 recipes
[01:25:17] [Render thread/INFO] (Minecraft) Loaded 1273 advancements
[01:25:20] [Render thread/INFO] (BiomeModificationImpl) Applied 0 biome modifications to 0 of 64 new biomes in 3.068 ms
[01:25:20] [Server thread/INFO] (Minecraft) Starting integrated minecraft server version 1.20.1
[01:25:20] [Server thread/INFO] (Minecraft) Generating keypair
[01:25:24] [Server thread/INFO] (Minecraft) Preparing start region for dimension minecraft:overworld
[01:25:25] [Render thread/INFO] (Minecraft) Preparing spawn area: 0%
[01:25:25] [Render thread/INFO] (Minecraft) Preparing spawn area: 0%
[01:25:25] [Render thread/INFO] (Minecraft) Preparing spawn area: 0%
[01:25:26] [Render thread/INFO] (Minecraft) Preparing spawn area: 0%
[01:25:26] [Render thread/INFO] (Minecraft) Preparing spawn area: 1%
[01:25:27] [Render thread/INFO] (Minecraft) Preparing spawn area: 3%
[01:25:27] [Render thread/INFO] (Minecraft) Preparing spawn area: 4%
[01:25:28] [Render thread/INFO] (Minecraft) Preparing spawn area: 7%
[01:25:28] [Render thread/INFO] (Minecraft) Preparing spawn area: 10%
[01:25:29] [Render thread/INFO] (Minecraft) Preparing spawn area: 13%
[01:25:29] [Render thread/INFO] (Minecraft) Preparing spawn area: 17%
[01:25:30] [Render thread/INFO] (Minecraft) Preparing spawn area: 22%
[01:25:30] [Render thread/INFO] (Minecraft) Preparing spawn area: 26%
[01:25:31] [Render thread/INFO] (Minecraft) Preparing spawn area: 31%
[01:25:31] [Render thread/INFO] (Minecraft) Preparing spawn area: 35%
[01:25:32] [Render thread/INFO] (Minecraft) Preparing spawn area: 41%
[01:25:32] [Render thread/INFO] (Minecraft) Preparing spawn area: 45%
[01:25:33] [Render thread/INFO] (Minecraft) Preparing spawn area: 52%
[01:25:33] [Render thread/INFO] (Minecraft) Preparing spawn area: 56%
[01:25:34] [Render thread/INFO] (Minecraft) Preparing spawn area: 62%
[01:25:34] [Render thread/INFO] (Minecraft) Preparing spawn area: 65%
[01:25:35] [Render thread/INFO] (Minecraft) Preparing spawn area: 69%
[01:25:35] [Render thread/INFO] (Minecraft) Preparing spawn area: 75%
[01:25:36] [Render thread/INFO] (Minecraft) Preparing spawn area: 80%
[01:25:36] [Render thread/INFO] (Minecraft) Preparing spawn area: 84%
[01:25:37] [Render thread/INFO] (Minecraft) Preparing spawn area: 90%
[01:25:37] [Render thread/INFO] (Minecraft) Preparing spawn area: 96%
[01:25:38] [Render thread/INFO] (Minecraft) Time elapsed: 13258 ms
[01:25:38] [Server thread/INFO] (Minecraft) Changing view distance to 12, from 10
[01:25:38] [Server thread/INFO] (Minecraft) Changing simulation distance to 12, from 0
[01:25:41] [Server thread/INFO] (Minecraft) Player148[local:E:65080086] logged in with entity id 337 at (-1.5, 108.0, 2.5)
[01:25:41] [Server thread/INFO] (Minecraft) Player148 joined the game
[01:25:42] [Render thread/INFO] (Minecraft) Loaded 2 advancements
[01:27:10] [Server thread/INFO] (Minecraft) Player148 has made the advancement [it's treason then]
[01:27:10] [Render thread/INFO] (Minecraft) [System] [CHAT] Player148 has made the advancement [it's treason then]
[01:27:10] [Render thread/INFO] (Minecraft) Loaded 5 advancements
[01:27:27] [Server thread/INFO] (Minecraft) [Player148: Applied enchantment Wind Burst III to Player148's item]
[01:27:27] [Render thread/INFO] (Minecraft) [System] [CHAT] Applied enchantment Wind Burst III to Player148's item
[01:27:30] [Server thread/INFO] (Minecraft) [Player148: Summoned new Warden]
[01:27:30] [Render thread/INFO] (Minecraft) [System] [CHAT] Summoned new Warden
[01:27:32] [Render thread/INFO] (Minecraft) [System] [CHAT] [Debug]: Hitboxes: shown
[01:27:38] [Render thread/INFO] (Minecraft) [System] [CHAT] Unknown or incomplete command, see below for error
[01:27:38] [Render thread/INFO] (Minecraft) [System] [CHAT] debug<--[HERE]
[01:27:43] [Server thread/INFO] (Minecraft) [Player148: Gamerule maceDebugMode is now set to: true]
[01:27:43] [Render thread/INFO] (Minecraft) [System] [CHAT] Gamerule maceDebugMode is now set to: true
[01:27:45] [Server thread/INFO] (Minecraft) [Debug] Fall Height from Attack: 7.0
[01:27:45] [Server thread/INFO] (Minecraft) [Debug] Base Attack Damage: 7.0
[01:27:45] [Server thread/INFO] (Minecraft) [Debug] Mace damage from Attack: 42.0
[01:27:45] [Server thread/INFO] (mace_backport) [Debug] Base Attack Damage7.0
[01:27:45] [Server thread/INFO] (mace_backport) [Debug] Fall Height from Attack: 7.0
[01:27:45] [Server thread/INFO] (mace_backport) [Debug] Mace damage from Attack: 42.0
[01:27:45] [Render thread/INFO] (Minecraft) [System] [CHAT] [Debug] Fall Height from Attack: 7.0
[01:27:45] [Render thread/INFO] (Minecraft) [System] [CHAT] [Debug] Base Attack Damage: 7.0
[01:27:45] [Render thread/INFO] (Minecraft) [System] [CHAT] [Debug] Mace damage from Attack: 42.0
[01:27:46] [Server thread/INFO] (Minecraft) [Debug] Fall Height from Attack: 9.0
[01:27:46] [Server thread/INFO] (Minecraft) [Debug] Base Attack Damage: 7.0
[01:27:46] [Server thread/INFO] (Minecraft) [Debug] Mace damage from Attack: 48.0
[01:27:46] [Server thread/INFO] (mace_backport) [Debug] Base Attack Damage7.0
[01:27:46] [Server thread/INFO] (mace_backport) [Debug] Fall Height from Attack: 9.0
[01:27:46] [Server thread/INFO] (mace_backport) [Debug] Mace damage from Attack: 48.0
[01:27:46] [Render thread/INFO] (Minecraft) [System] [CHAT] [Debug] Fall Height from Attack: 9.0
[01:27:46] [Render thread/INFO] (Minecraft) [System] [CHAT] [Debug] Base Attack Damage: 7.0
[01:27:46] [Render thread/INFO] (Minecraft) [System] [CHAT] [Debug] Mace damage from Attack: 48.0
[01:27:48] [Server thread/INFO] (Minecraft) [Debug] Fall Height from Attack: 11.0
[01:27:48] [Server thread/INFO] (Minecraft) [Debug] Base Attack Damage: 7.0
[01:27:48] [Server thread/INFO] (Minecraft) [Debug] Mace damage from Attack: 48.0
[01:27:48] [Server thread/INFO] (mace_backport) [Debug] Base Attack Damage7.0
[01:27:48] [Server thread/INFO] (mace_backport) [Debug] Fall Height from Attack: 11.0
[01:27:48] [Server thread/INFO] (mace_backport) [Debug] Mace damage from Attack: 48.0
[01:27:48] [Render thread/INFO] (Minecraft) [System] [CHAT] [Debug] Fall Height from Attack: 11.0
[01:27:48] [Render thread/INFO] (Minecraft) [System] [CHAT] [Debug] Base Attack Damage: 7.0
[01:27:48] [Render thread/INFO] (Minecraft) [System] [CHAT] [Debug] Mace damage from Attack: 48.0
[01:27:49] [Server thread/INFO] (Minecraft) [Debug] Fall Height from Attack: 12.0
[01:27:49] [Server thread/INFO] (Minecraft) [Debug] Base Attack Damage: 7.0
[01:27:49] [Server thread/INFO] (Minecraft) [Debug] Mace damage from Attack: 48.0
[01:27:49] [Server thread/INFO] (mace_backport) [Debug] Base Attack Damage7.0
[01:27:49] [Server thread/INFO] (mace_backport) [Debug] Fall Height from Attack: 12.0
[01:27:49] [Server thread/INFO] (mace_backport) [Debug] Mace damage from Attack: 48.0
[01:27:49] [Render thread/INFO] (Minecraft) [System] [CHAT] [Debug] Fall Height from Attack: 12.0
[01:27:49] [Render thread/INFO] (Minecraft) [System] [CHAT] [Debug] Base Attack Damage: 7.0
[01:27:49] [Render thread/INFO] (Minecraft) [System] [CHAT] [Debug] Mace damage from Attack: 48.0
[01:27:58] [Server thread/INFO] (Minecraft) [Debug] Fall Height from Attack: 18.0
[01:27:58] [Server thread/INFO] (Minecraft) [Debug] Base Attack Damage: 7.0
[01:27:58] [Server thread/INFO] (Minecraft) [Debug] Mace damage from Attack: 48.0
[01:27:58] [Server thread/INFO] (mace_backport) [Debug] Base Attack Damage7.0
[01:27:58] [Server thread/INFO] (mace_backport) [Debug] Fall Height from Attack: 18.0
[01:27:58] [Server thread/INFO] (mace_backport) [Debug] Mace damage from Attack: 48.0
[01:27:58] [Render thread/INFO] (Minecraft) [System] [CHAT] [Debug] Fall Height from Attack: 18.0
[01:27:58] [Render thread/INFO] (Minecraft) [System] [CHAT] [Debug] Base Attack Damage: 7.0
[01:27:58] [Render thread/INFO] (Minecraft) [System] [CHAT] [Debug] Mace damage from Attack: 48.0
[01:27:59] [Server thread/INFO] (Minecraft) [Debug] Fall Height from Attack: 12.0
[01:27:59] [Server thread/INFO] (Minecraft) [Debug] Base Attack Damage: 7.0
[01:27:59] [Server thread/INFO] (Minecraft) [Debug] Mace damage from Attack: 48.0
[01:27:59] [Server thread/INFO] (mace_backport) [Debug] Base Attack Damage7.0
[01:27:59] [Server thread/INFO] (mace_backport) [Debug] Fall Height from Attack: 12.0
[01:27:59] [Server thread/INFO] (mace_backport) [Debug] Mace damage from Attack: 48.0
[01:27:59] [Render thread/INFO] (Minecraft) [System] [CHAT] [Debug] Fall Height from Attack: 12.0
[01:27:59] [Render thread/INFO] (Minecraft) [System] [CHAT] [Debug] Base Attack Damage: 7.0
[01:27:59] [Render thread/INFO] (Minecraft) [System] [CHAT] [Debug] Mace damage from Attack: 48.0
[01:28:05] [Render thread/INFO] (Minecraft) [System] [CHAT] Gamerule maceDamageCap is currently set to: -1
[01:28:09] [Server thread/INFO] (Minecraft) [Player148: Summoned new Iron Golem]
[01:28:09] [Render thread/INFO] (Minecraft) [System] [CHAT] Summoned new Iron Golem
[01:28:12] [Server thread/INFO] (Minecraft) [Debug] Fall Height from Attack: 33.0
[01:28:12] [Server thread/INFO] (Minecraft) [Debug] Base Attack Damage: 7.0
[01:28:12] [Server thread/INFO] (Minecraft) [Debug] Mace damage from Attack: 48.0
[01:28:12] [Server thread/INFO] (mace_backport) [Debug] Base Attack Damage7.0
[01:28:12] [Server thread/INFO] (mace_backport) [Debug] Fall Height from Attack: 33.0
[01:28:12] [Server thread/INFO] (mace_backport) [Debug] Mace damage from Attack: 48.0
[01:28:12] [Render thread/INFO] (Minecraft) [System] [CHAT] [Debug] Fall Height from Attack: 33.0
[01:28:12] [Render thread/INFO] (Minecraft) [System] [CHAT] [Debug] Base Attack Damage: 7.0
[01:28:12] [Render thread/INFO] (Minecraft) [System] [CHAT] [Debug] Mace damage from Attack: 48.0
[01:28:19] [Server thread/INFO] (Minecraft) [Debug] Fall Height from Attack: 17.0
[01:28:19] [Server thread/INFO] (Minecraft) [Debug] Base Attack Damage: 7.0
[01:28:19] [Server thread/INFO] (Minecraft) [Debug] Mace damage from Attack: 48.0
[01:28:19] [Server thread/INFO] (mace_backport) [Debug] Base Attack Damage7.0
[01:28:19] [Server thread/INFO] (mace_backport) [Debug] Fall Height from Attack: 17.0
[01:28:19] [Server thread/INFO] (mace_backport) [Debug] Mace damage from Attack: 48.0
[01:28:19] [Render thread/INFO] (Minecraft) [System] [CHAT] [Debug] Fall Height from Attack: 17.0
[01:28:19] [Render thread/INFO] (Minecraft) [System] [CHAT] [Debug] Base Attack Damage: 7.0
[01:28:19] [Render thread/INFO] (Minecraft) [System] [CHAT] [Debug] Mace damage from Attack: 48.0
[01:28:21] [Server thread/INFO] (Minecraft) [Debug] Fall Height from Attack: 11.0
[01:28:21] [Server thread/INFO] (Minecraft) [Debug] Base Attack Damage: 7.0
[01:28:21] [Server thread/INFO] (Minecraft) [Debug] Mace damage from Attack: 48.0
[01:28:21] [Server thread/INFO] (mace_backport) [Debug] Base Attack Damage7.0
[01:28:21] [Server thread/INFO] (mace_backport) [Debug] Fall Height from Attack: 11.0
[01:28:21] [Server thread/INFO] (mace_backport) [Debug] Mace damage from Attack: 48.0
[01:28:21] [Render thread/INFO] (Minecraft) [System] [CHAT] [Debug] Fall Height from Attack: 11.0
[01:28:21] [Render thread/INFO] (Minecraft) [System] [CHAT] [Debug] Base Attack Damage: 7.0
[01:28:21] [Render thread/INFO] (Minecraft) [System] [CHAT] [Debug] Mace damage from Attack: 48.0
[01:28:21] [Render thread/INFO] (Minecraft) Loaded 31 advancements
[01:28:32] [Server thread/INFO] (Minecraft) [Debug] Fall Height from Attack: 5.0
[01:28:32] [Server thread/INFO] (Minecraft) [Debug] Base Attack Damage: 7.0
[01:28:32] [Server thread/INFO] (Minecraft) [Debug] Mace damage from Attack: 30.0
[01:28:32] [Server thread/INFO] (mace_backport) [Debug] Base Attack Damage7.0
[01:28:32] [Server thread/INFO] (mace_backport) [Debug] Fall Height from Attack: 5.0
[01:28:32] [Server thread/INFO] (mace_backport) [Debug] Mace damage from Attack: 30.0
[01:28:32] [Render thread/INFO] (Minecraft) [System] [CHAT] [Debug] Fall Height from Attack: 5.0
[01:28:32] [Render thread/INFO] (Minecraft) [System] [CHAT] [Debug] Base Attack Damage: 7.0
[01:28:32] [Render thread/INFO] (Minecraft) [System] [CHAT] [Debug] Mace damage from Attack: 30.0
[01:28:34] [Server thread/INFO] (Minecraft) [Debug] Fall Height from Attack: 10.0
[01:28:34] [Server thread/INFO] (Minecraft) [Debug] Base Attack Damage: 7.0
[01:28:34] [Server thread/INFO] (Minecraft) [Debug] Mace damage from Attack: 48.0
[01:28:34] [Server thread/INFO] (mace_backport) [Debug] Base Attack Damage7.0
[01:28:34] [Server thread/INFO] (mace_backport) [Debug] Fall Height from Attack: 10.0
[01:28:34] [Server thread/INFO] (mace_backport) [Debug] Mace damage from Attack: 48.0
[01:28:34] [Render thread/INFO] (Minecraft) [System] [CHAT] [Debug] Fall Height from Attack: 10.0
[01:28:34] [Render thread/INFO] (Minecraft) [System] [CHAT] [Debug] Base Attack Damage: 7.0
[01:28:34] [Render thread/INFO] (Minecraft) [System] [CHAT] [Debug] Mace damage from Attack: 48.0
[01:28:45] [Server thread/INFO] (Minecraft) [Player148: Summoned new Pig]
[01:28:45] [Render thread/INFO] (Minecraft) [System] [CHAT] Summoned new Pig
[01:28:47] [Server thread/INFO] (Minecraft) [Player148: Summoned new Pig]
[01:28:47] [Render thread/INFO] (Minecraft) [System] [CHAT] Summoned new Pig
[01:28:53] [Server thread/INFO] (Minecraft) [Player148: Summoned new Pig]
[01:28:53] [Render thread/INFO] (Minecraft) [System] [CHAT] Summoned new Pig
[01:28:56] [Server thread/INFO] (Minecraft) [Player148: Summoned new Pig]
[01:28:56] [Render thread/INFO] (Minecraft) [System] [CHAT] Summoned new Pig
[01:28:57] [Server thread/INFO] (Minecraft) [Player148: Summoned new Pig]
[01:28:57] [Render thread/INFO] (Minecraft) [System] [CHAT] Summoned new Pig
[01:29:03] [Server thread/INFO] (Minecraft) [Player148: Changed the block at 12, 123, -3]
[01:29:03] [Render thread/INFO] (Minecraft) [System] [CHAT] Changed the block at 12, 123, -3
[01:29:04] [Server thread/INFO] (Minecraft) Saving and pausing game...
[01:29:04] [Server thread/INFO] (Minecraft) Saving chunks for level 'ServerLevel[test]'/minecraft:overworld
[01:29:04] [Server thread/INFO] (Minecraft) Saving chunks for level 'ServerLevel[test]'/minecraft:the_end
[01:29:04] [Server thread/INFO] (Minecraft) Saving chunks for level 'ServerLevel[test]'/minecraft:the_nether
[01:29:16] [Render thread/INFO] (Minecraft) [System] [CHAT] Command set: summon minecraft:ravager ~ ~ ~
[01:29:16] [Server thread/INFO] (Minecraft) [@: Summoned new Ravager]
[01:29:17] [Render thread/INFO] (Minecraft) [System] [CHAT] [@: Summoned new Ravager]
[01:29:21] [Server thread/INFO] (Minecraft) [@: Summoned new Ravager]
[01:29:21] [Render thread/INFO] (Minecraft) [System] [CHAT] [@: Summoned new Ravager]
[01:29:25] [Server thread/INFO] (Minecraft) Saving and pausing game...
[01:29:25] [Server thread/INFO] (Minecraft) Saving chunks for level 'ServerLevel[test]'/minecraft:overworld
[01:29:25] [Server thread/INFO] (Minecraft) Saving chunks for level 'ServerLevel[test]'/minecraft:the_end
[01:29:25] [Server thread/INFO] (Minecraft) Saving chunks for level 'ServerLevel[test]'/minecraft:the_nether
[01:29:27] [Render thread/INFO] (Minecraft) [System] [CHAT] Command set: summon minecraft:ravager ~ ~ ~
[01:29:27] [Server thread/INFO] (Minecraft) [@: Summoned new Ravager]
[01:29:27] [Render thread/INFO] (Minecraft) [System] [CHAT] [@: Summoned new Ravager]
[01:29:27] [Server thread/INFO] (Minecraft) [@: Summoned new Ravager]
[01:29:27] [Render thread/INFO] (Minecraft) [System] [CHAT] [@: Summoned new Ravager]
[01:29:27] [Server thread/INFO] (Minecraft) [@: Summoned new Ravager]
[01:29:27] [Render thread/INFO] (Minecraft) [System] [CHAT] [@: Summoned new Ravager]
[01:29:27] [Server thread/INFO] (Minecraft) [@: Summoned new Ravager]
[01:29:27] [Render thread/INFO] (Minecraft) [System] [CHAT] [@: Summoned new Ravager]
[01:29:27] [Server thread/INFO] (Minecraft) [@: Summoned new Ravager]
[01:29:27] [Render thread/INFO] (Minecraft) [System] [CHAT] [@: Summoned new Ravager]
[01:29:27] [Server thread/INFO] (Minecraft) [@: Summoned new Ravager]
[01:29:27] [Render thread/INFO] (Minecraft) [System] [CHAT] [@: Summoned new Ravager]
[01:29:27] [Server thread/INFO] (Minecraft) [@: Summoned new Ravager]
[01:29:27] [Render thread/INFO] (Minecraft) [System] [CHAT] [@: Summoned new Ravager]
[01:29:27] [Server thread/INFO] (Minecraft) [@: Summoned new Ravager]
[01:29:27] [Render thread/INFO] (Minecraft) [System] [CHAT] [@: Summoned new Ravager]
[01:29:27] [Server thread/INFO] (Minecraft) [@: Summoned new Ravager]
[01:29:27] [Render thread/INFO] (Minecraft) [System] [CHAT] [@: Summoned new Ravager]
[01:29:27] [Server thread/INFO] (Minecraft) [@: Summoned new Ravager]
[01:29:27] [Render thread/INFO] (Minecraft) [System] [CHAT] [@: Summoned new Ravager]
[01:29:27] [Server thread/INFO] (Minecraft) [@: Summoned new Ravager]
[01:29:27] [Render thread/INFO] (Minecraft) [System] [CHAT] [@: Summoned new Ravager]
[01:29:27] [Server thread/INFO] (Minecraft) [@: Summoned new Ravager]
[01:29:27] [Render thread/INFO] (Minecraft) [System] [CHAT] [@: Summoned new Ravager]
[01:29:27] [Server thread/INFO] (Minecraft) [@: Summoned new Ravager]
[01:29:27] [Render thread/INFO] (Minecraft) [System] [CHAT] [@: Summoned new Ravager]
[01:29:27] [Server thread/INFO] (Minecraft) [@: Summoned new Ravager]
[01:29:27] [Render thread/INFO] (Minecraft) [System] [CHAT] [@: Summoned new Ravager]
[01:29:27] [Server thread/INFO] (Minecraft) [@: Summoned new Ravager]
[01:29:27] [Render thread/INFO] (Minecraft) [System] [CHAT] [@: Summoned new Ravager]
[01:29:27] [Server thread/INFO] (Minecraft) [@: Summoned new Ravager]
[01:29:27] [Render thread/INFO] (Minecraft) [System] [CHAT] [@: Summoned new Ravager]
[01:29:27] [Server thread/INFO] (Minecraft) [@: Summoned new Ravager]
[01:29:27] [Render thread/INFO] (Minecraft) [System] [CHAT] [@: Summoned new Ravager]
[01:29:27] [Server thread/INFO] (Minecraft) [@: Summoned new Ravager]
[01:29:27] [Render thread/INFO] (Minecraft) [System] [CHAT] [@: Summoned new Ravager]
[01:29:27] [Server thread/INFO] (Minecraft) [@: Summoned new Ravager]
[01:29:28] [Render thread/INFO] (Minecraft) [System] [CHAT] [@: Summoned new Ravager]
[01:29:28] [Server thread/INFO] (Minecraft) [@: Summoned new Ravager]
[01:29:28] [Render thread/INFO] (Minecraft) [System] [CHAT] [@: Summoned new Ravager]
[01:29:28] [Server thread/INFO] (Minecraft) [@: Summoned new Ravager]
[01:29:28] [Render thread/INFO] (Minecraft) [System] [CHAT] [@: Summoned new Ravager]
[01:29:28] [Server thread/INFO] (Minecraft) [@: Summoned new Ravager]
[01:29:28] [Render thread/INFO] (Minecraft) [System] [CHAT] [@: Summoned new Ravager]
[01:29:28] [Server thread/INFO] (Minecraft) [@: Summoned new Ravager]
[01:29:28] [Render thread/INFO] (Minecraft) [System] [CHAT] [@: Summoned new Ravager]
[01:29:28] [Server thread/INFO] (Minecraft) [@: Summoned new Ravager]
[01:29:28] [Render thread/INFO] (Minecraft) [System] [CHAT] [@: Summoned new Ravager]
[01:29:28] [Server thread/INFO] (Minecraft) [@: Summoned new Ravager]
[01:29:28] [Render thread/INFO] (Minecraft) [System] [CHAT] [@: Summoned new Ravager]
[01:29:28] [Server thread/INFO] (Minecraft) [@: Summoned new Ravager]
[01:29:28] [Render thread/INFO] (Minecraft) [System] [CHAT] [@: Summoned new Ravager]
[01:29:28] [Server thread/INFO] (Minecraft) [@: Summoned new Ravager]
[01:29:28] [Render thread/INFO] (Minecraft) [System] [CHAT] [@: Summoned new Ravager]
[01:29:28] [Server thread/INFO] (Minecraft) [@: Summoned new Ravager]
[01:29:28] [Render thread/INFO] (Minecraft) [System] [CHAT] [@: Summoned new Ravager]
[01:29:28] [Server thread/INFO] (Minecraft) [@: Summoned new Ravager]
[01:29:28] [Render thread/INFO] (Minecraft) [System] [CHAT] [@: Summoned new Ravager]
[01:29:28] [Server thread/INFO] (Minecraft) [@: Summoned new Ravager]
[01:29:28] [Render thread/INFO] (Minecraft) [System] [CHAT] [@: Summoned new Ravager]
[01:29:28] [Server thread/INFO] (Minecraft) [@: Summoned new Ravager]
[01:29:28] [Render thread/INFO] (Minecraft) [System] [CHAT] [@: Summoned new Ravager]
[01:29:28] [Server thread/INFO] (Minecraft) [@: Summoned new Ravager]
[01:29:28] [Render thread/INFO] (Minecraft) [System] [CHAT] [@: Summoned new Ravager]
[01:29:28] [Server thread/INFO] (Minecraft) [@: Summoned new Ravager]
[01:29:28] [Render thread/INFO] (Minecraft) [System] [CHAT] [@: Summoned new Ravager]
[01:29:28] [Server thread/INFO] (Minecraft) [@: Summoned new Ravager]
[01:29:28] [Render thread/INFO] (Minecraft) [System] [CHAT] [@: Summoned new Ravager]
[01:29:28] [Server thread/INFO] (Minecraft) [@: Summoned new Ravager]
[01:29:28] [Render thread/INFO] (Minecraft) [System] [CHAT] [@: Summoned new Ravager]
[01:29:28] [Server thread/INFO] (Minecraft) [@: Summoned new Ravager]
[01:29:28] [Render thread/INFO] (Minecraft) [System] [CHAT] [@: Summoned new Ravager]
[01:29:28] [Server thread/INFO] (Minecraft) [@: Summoned new Ravager]
[01:29:28] [Render thread/INFO] (Minecraft) [System] [CHAT] [@: Summoned new Ravager]
[01:29:28] [Server thread/INFO] (Minecraft) [@: Summoned new Ravager]
[01:29:28] [Render thread/INFO] (Minecraft) [System] [CHAT] [@: Summoned new Ravager]
[01:29:28] [Server thread/INFO] (Minecraft) [@: Summoned new Ravager]
[01:29:29] [Render thread/INFO] (Minecraft) [System] [CHAT] [@: Summoned new Ravager]
[01:29:29] [Server thread/INFO] (Minecraft) [@: Summoned new Ravager]
[01:29:29] [Render thread/INFO] (Minecraft) [System] [CHAT] [@: Summoned new Ravager]
[01:29:29] [Server thread/INFO] (Minecraft) [@: Summoned new Ravager]
[01:29:29] [Render thread/INFO] (Minecraft) [System] [CHAT] [@: Summoned new Ravager]
[01:29:29] [Server thread/INFO] (Minecraft) [@: Summoned new Ravager]
[01:29:29] [Render thread/INFO] (Minecraft) [System] [CHAT] [@: Summoned new Ravager]
[01:29:29] [Server thread/INFO] (Minecraft) [@: Summoned new Ravager]
[01:29:29] [Render thread/INFO] (Minecraft) [System] [CHAT] [@: Summoned new Ravager]
[01:29:29] [Server thread/INFO] (Minecraft) [@: Summoned new Ravager]
[01:29:29] [Render thread/INFO] (Minecraft) [System] [CHAT] [@: Summoned new Ravager]
[01:29:29] [Server thread/INFO] (Minecraft) [@: Summoned new Ravager]
[01:29:29] [Render thread/INFO] (Minecraft) [System] [CHAT] [@: Summoned new Ravager]
[01:29:29] [Server thread/INFO] (Minecraft) [@: Summoned new Ravager]
[01:29:29] [Render thread/INFO] (Minecraft) [System] [CHAT] [@: Summoned new Ravager]
[01:29:29] [Server thread/INFO] (Minecraft) [@: Summoned new Ravager]
[01:29:29] [Render thread/INFO] (Minecraft) [System] [CHAT] [@: Summoned new Ravager]
[01:29:29] [Server thread/INFO] (Minecraft) [@: Summoned new Ravager]
[01:29:29] [Render thread/INFO] (Minecraft) [System] [CHAT] [@: Summoned new Ravager]
[01:29:29] [Server thread/INFO] (Minecraft) [@: Summoned new Ravager]
[01:29:29] [Render thread/INFO] (Minecraft) [System] [CHAT] [@: Summoned new Ravager]
[01:29:29] [Server thread/INFO] (Minecraft) [@: Summoned new Ravager]
[01:29:29] [Render thread/INFO] (Minecraft) [System] [CHAT] [@: Summoned new Ravager]
[01:29:29] [Server thread/INFO] (Minecraft) [@: Summoned new Ravager]
[01:29:29] [Render thread/INFO] (Minecraft) [System] [CHAT] [@: Summoned new Ravager]
[01:29:29] [Server thread/INFO] (Minecraft) [@: Summoned new Ravager]
[01:29:29] [Render thread/INFO] (Minecraft) [System] [CHAT] [@: Summoned new Ravager]
[01:29:29] [Server thread/INFO] (Minecraft) [@: Summoned new Ravager]
[01:29:29] [Render thread/INFO] (Minecraft) [System] [CHAT] [@: Summoned new Ravager]
[01:29:29] [Server thread/INFO] (Minecraft) [@: Summoned new Ravager]
[01:29:29] [Render thread/INFO] (Minecraft) [System] [CHAT] [@: Summoned new Ravager]
[01:29:29] [Server thread/INFO] (Minecraft) [@: Summoned new Ravager]
[01:29:29] [Render thread/INFO] (Minecraft) [System] [CHAT] [@: Summoned new Ravager]
[01:29:29] [Server thread/INFO] (Minecraft) [@: Summoned new Ravager]
[01:29:29] [Render thread/INFO] (Minecraft) [System] [CHAT] [@: Summoned new Ravager]
[01:29:29] [Server thread/INFO] (Minecraft) [@: Summoned new Ravager]
[01:29:29] [Render thread/INFO] (Minecraft) [System] [CHAT] [@: Summoned new Ravager]
[01:29:29] [Server thread/INFO] (Minecraft) [@: Summoned new Ravager]
[01:29:29] [Render thread/INFO] (Minecraft) [System] [CHAT] [@: Summoned new Ravager]
[01:29:29] [Server thread/INFO] (Minecraft) [@: Summoned new Ravager]
[01:29:30] [Render thread/INFO] (Minecraft) [System] [CHAT] [@: Summoned new Ravager]
[01:29:30] [Server thread/INFO] (Minecraft) [@: Summoned new Ravager]
[01:29:30] [Render thread/INFO] (Minecraft) [System] [CHAT] [@: Summoned new Ravager]
[01:29:30] [Server thread/INFO] (Minecraft) [@: Summoned new Ravager]
[01:29:30] [Render thread/INFO] (Minecraft) [System] [CHAT] [@: Summoned new Ravager]
[01:29:30] [Server thread/INFO] (Minecraft) [@: Summoned new Ravager]
[01:29:30] [Render thread/INFO] (Minecraft) [System] [CHAT] [@: Summoned new Ravager]
[01:29:30] [Server thread/INFO] (Minecraft) [@: Summoned new Ravager]
[01:29:30] [Render thread/INFO] (Minecraft) [System] [CHAT] [@: Summoned new Ravager]
[01:29:30] [Server thread/INFO] (Minecraft) [@: Summoned new Ravager]
[01:29:30] [Render thread/INFO] (Minecraft) [System] [CHAT] [@: Summoned new Ravager]
[01:29:30] [Server thread/INFO] (Minecraft) [@: Summoned new Ravager]
[01:29:30] [Render thread/INFO] (Minecraft) [System] [CHAT] [@: Summoned new Ravager]
[01:29:30] [Server thread/INFO] (Minecraft) [@: Summoned new Ravager]
[01:29:30] [Render thread/INFO] (Minecraft) [System] [CHAT] [@: Summoned new Ravager]
[01:29:30] [Server thread/INFO] (Minecraft) [@: Summoned new Ravager]
[01:29:30] [Render thread/INFO] (Minecraft) [System] [CHAT] [@: Summoned new Ravager]
[01:29:30] [Server thread/INFO] (Minecraft) [@: Summoned new Ravager]
[01:29:30] [Render thread/INFO] (Minecraft) [System] [CHAT] [@: Summoned new Ravager]
[01:29:30] [Server thread/INFO] (Minecraft) [@: Summoned new Ravager]
[01:29:30] [Render thread/INFO] (Minecraft) [System] [CHAT] [@: Summoned new Ravager]
[01:29:30] [Server thread/INFO] (Minecraft) [@: Summoned new Ravager]
[01:29:30] [Render thread/INFO] (Minecraft) [System] [CHAT] [@: Summoned new Ravager]
[01:29:30] [Server thread/INFO] (Minecraft) [@: Summoned new Ravager]
[01:29:30] [Render thread/INFO] (Minecraft) [System] [CHAT] [@: Summoned new Ravager]
[01:29:30] [Server thread/INFO] (Minecraft) [@: Summoned new Ravager]
[01:29:30] [Render thread/INFO] (Minecraft) [System] [CHAT] [@: Summoned new Ravager]
[01:29:30] [Server thread/INFO] (Minecraft) [@: Summoned new Ravager]
[01:29:30] [Render thread/INFO] (Minecraft) [System] [CHAT] [@: Summoned new Ravager]
[01:29:30] [Server thread/INFO] (Minecraft) [@: Summoned new Ravager]
[01:29:30] [Render thread/INFO] (Minecraft) [System] [CHAT] [@: Summoned new Ravager]
[01:29:30] [Server thread/INFO] (Minecraft) [@: Summoned new Ravager]
[01:29:30] [Render thread/INFO] (Minecraft) [System] [CHAT] [@: Summoned new Ravager]
[01:29:30] [Server thread/INFO] (Minecraft) [@: Summoned new Ravager]
[01:29:30] [Render thread/INFO] (Minecraft) [System] [CHAT] [@: Summoned new Ravager]
[01:29:30] [Server thread/INFO] (Minecraft) [@: Summoned new Ravager]
[01:29:30] [Render thread/INFO] (Minecraft) [System] [CHAT] [@: Summoned new Ravager]
[01:29:30] [Server thread/INFO] (Minecraft) [@: Summoned new Ravager]
[01:29:30] [Render thread/INFO] (Minecraft) [System] [CHAT] [@: Summoned new Ravager]
[01:29:30] [Server thread/INFO] (Minecraft) [@: Summoned new Ravager]
[01:29:31] [Render thread/INFO] (Minecraft) [System] [CHAT] [@: Summoned new Ravager]
[01:29:31] [Server thread/INFO] (Minecraft) [@: Summoned new Ravager]
[01:29:31] [Render thread/INFO] (Minecraft) [System] [CHAT] [@: Summoned new Ravager]
[01:29:31] [Server thread/INFO] (Minecraft) [@: Summoned new Ravager]
[01:29:31] [Render thread/INFO] (Minecraft) [System] [CHAT] [@: Summoned new Ravager]
[01:29:31] [Server thread/INFO] (Minecraft) [@: Summoned new Ravager]
[01:29:31] [Render thread/INFO] (Minecraft) [System] [CHAT] [@: Summoned new Ravager]
[01:29:31] [Server thread/INFO] (Minecraft) [@: Summoned new Ravager]
[01:29:31] [Render thread/INFO] (Minecraft) [System] [CHAT] [@: Summoned new Ravager]
[01:29:31] [Server thread/INFO] (Minecraft) [@: Summoned new Ravager]
[01:29:31] [Render thread/INFO] (Minecraft) [System] [CHAT] [@: Summoned new Ravager]
[01:29:31] [Server thread/INFO] (Minecraft) [@: Summoned new Ravager]
[01:29:31] [Render thread/INFO] (Minecraft) [System] [CHAT] [@: Summoned new Ravager]
[01:29:31] [Server thread/INFO] (Minecraft) [@: Summoned new Ravager]
[01:29:31] [Render thread/INFO] (Minecraft) [System] [CHAT] [@: Summoned new Ravager]
[01:29:31] [Server thread/INFO] (Minecraft) [@: Summoned new Ravager]
[01:29:31] [Render thread/INFO] (Minecraft) [System] [CHAT] [@: Summoned new Ravager]
[01:29:31] [Server thread/INFO] (Minecraft) [@: Summoned new Ravager]
[01:29:31] [Render thread/INFO] (Minecraft) [System] [CHAT] [@: Summoned new Ravager]
[01:29:31] [Server thread/INFO] (Minecraft) [@: Summoned new Ravager]
[01:29:31] [Render thread/INFO] (Minecraft) [System] [CHAT] [@: Summoned new Ravager]
[01:29:31] [Server thread/INFO] (Minecraft) [@: Summoned new Ravager]
[01:29:31] [Render thread/INFO] (Minecraft) [System] [CHAT] [@: Summoned new Ravager]
[01:29:31] [Server thread/INFO] (Minecraft) [@: Summoned new Ravager]
[01:29:31] [Render thread/INFO] (Minecraft) [System] [CHAT] [@: Summoned new Ravager]
[01:29:31] [Server thread/INFO] (Minecraft) [@: Summoned new Ravager]
[01:29:31] [Render thread/INFO] (Minecraft) [System] [CHAT] [@: Summoned new Ravager]
[01:29:31] [Server thread/INFO] (Minecraft) [@: Summoned new Ravager]
[01:29:31] [Render thread/INFO] (Minecraft) [System] [CHAT] [@: Summoned new Ravager]
[01:29:31] [Server thread/INFO] (Minecraft) [@: Summoned new Ravager]
[01:29:31] [Render thread/INFO] (Minecraft) [System] [CHAT] [@: Summoned new Ravager]
[01:29:31] [Server thread/INFO] (Minecraft) [@: Summoned new Ravager]
[01:29:31] [Render thread/INFO] (Minecraft) [System] [CHAT] [@: Summoned new Ravager]
[01:29:31] [Server thread/INFO] (Minecraft) [@: Summoned new Ravager]
[01:29:31] [Render thread/INFO] (Minecraft) [System] [CHAT] [@: Summoned new Ravager]
[01:29:31] [Server thread/INFO] (Minecraft) [@: Summoned new Ravager]
[01:29:31] [Render thread/INFO] (Minecraft) [System] [CHAT] [@: Summoned new Ravager]
[01:29:31] [Server thread/INFO] (Minecraft) [@: Summoned new Ravager]
[01:29:31] [Render thread/INFO] (Minecraft) [System] [CHAT] [@: Summoned new Ravager]
[01:29:31] [Server thread/INFO] (Minecraft) [@: Summoned new Ravager]
[01:29:32] [Render thread/INFO] (Minecraft) [System] [CHAT] [@: Summoned new Ravager]
[01:29:32] [Server thread/INFO] (Minecraft) [@: Summoned new Ravager]
[01:29:32] [Render thread/INFO] (Minecraft) [System] [CHAT] [@: Summoned new Ravager]
[01:29:32] [Server thread/INFO] (Minecraft) [@: Summoned new Ravager]
[01:29:32] [Render thread/INFO] (Minecraft) [System] [CHAT] [@: Summoned new Ravager]
[01:29:32] [Server thread/INFO] (Minecraft) [@: Summoned new Ravager]
[01:29:32] [Render thread/INFO] (Minecraft) [System] [CHAT] [@: Summoned new Ravager]
[01:29:32] [Server thread/INFO] (Minecraft) [@: Summoned new Ravager]
[01:29:32] [Render thread/INFO] (Minecraft) [System] [CHAT] [@: Summoned new Ravager]
[01:29:32] [Server thread/INFO] (Minecraft) [@: Summoned new Ravager]
[01:29:32] [Render thread/INFO] (Minecraft) [System] [CHAT] [@: Summoned new Ravager]
[01:29:32] [Server thread/INFO] (Minecraft) [@: Summoned new Ravager]
[01:29:32] [Render thread/INFO] (Minecraft) [System] [CHAT] [@: Summoned new Ravager]
[01:29:32] [Server thread/INFO] (Minecraft) [@: Summoned new Ravager]
[01:29:32] [Render thread/INFO] (Minecraft) [System] [CHAT] [@: Summoned new Ravager]
[01:29:32] [Server thread/INFO] (Minecraft) [@: Summoned new Ravager]
[01:29:32] [Render thread/INFO] (Minecraft) [System] [CHAT] [@: Summoned new Ravager]
[01:29:32] [Server thread/INFO] (Minecraft) [@: Summoned new Ravager]
[01:29:32] [Render thread/INFO] (Minecraft) [System] [CHAT] [@: Summoned new Ravager]
[01:29:32] [Server thread/INFO] (Minecraft) [@: Summoned new Ravager]
[01:29:32] [Render thread/INFO] (Minecraft) [System] [CHAT] [@: Summoned new Ravager]
[01:29:32] [Server thread/INFO] (Minecraft) [@: Summoned new Ravager]
[01:29:32] [Render thread/INFO] (Minecraft) [System] [CHAT] [@: Summoned new Ravager]
[01:29:32] [Server thread/INFO] (Minecraft) [@: Summoned new Ravager]
[01:29:32] [Render thread/INFO] (Minecraft) [System] [CHAT] [@: Summoned new Ravager]
[01:29:32] [Server thread/INFO] (Minecraft) [@: Summoned new Ravager]
[01:29:32] [Render thread/INFO] (Minecraft) [System] [CHAT] [@: Summoned new Ravager]
[01:29:32] [Server thread/INFO] (Minecraft) [@: Summoned new Ravager]
[01:29:32] [Render thread/INFO] (Minecraft) [System] [CHAT] [@: Summoned new Ravager]
[01:29:32] [Server thread/INFO] (Minecraft) [@: Summoned new Ravager]
[01:29:32] [Render thread/INFO] (Minecraft) [System] [CHAT] [@: Summoned new Ravager]
[01:29:32] [Server thread/INFO] (Minecraft) [@: Summoned new Ravager]
[01:29:32] [Render thread/INFO] (Minecraft) [System] [CHAT] [@: Summoned new Ravager]
[01:29:32] [Server thread/INFO] (Minecraft) [@: Summoned new Ravager]
[01:29:32] [Render thread/INFO] (Minecraft) [System] [CHAT] [@: Summoned new Ravager]
[01:29:32] [Server thread/INFO] (Minecraft) [@: Summoned new Ravager]
[01:29:32] [Render thread/INFO] (Minecraft) [System] [CHAT] [@: Summoned new Ravager]
[01:29:32] [Server thread/INFO] (Minecraft) [@: Summoned new Ravager]
[01:29:32] [Render thread/INFO] (Minecraft) [System] [CHAT] [@: Summoned new Ravager]
[01:29:32] [Server thread/INFO] (Minecraft) [@: Summoned new Ravager]
[01:29:32] [Render thread/INFO] (Minecraft) [System] [CHAT] [@: Summoned new Ravager]
[01:29:33] [Server thread/INFO] (Minecraft) [@: Summoned new Ravager]
[01:29:33] [Render thread/INFO] (Minecraft) [System] [CHAT] [@: Summoned new Ravager]
[01:29:33] [Server thread/INFO] (Minecraft) [@: Summoned new Ravager]
[01:29:33] [Render thread/INFO] (Minecraft) [System] [CHAT] [@: Summoned new Ravager]
[01:29:33] [Server thread/INFO] (Minecraft) [@: Summoned new Ravager]
[01:29:33] [Render thread/INFO] (Minecraft) [System] [CHAT] [@: Summoned new Ravager]
[01:29:33] [Server thread/INFO] (Minecraft) [@: Summoned new Ravager]
[01:29:33] [Render thread/INFO] (Minecraft) [System] [CHAT] [@: Summoned new Ravager]
[01:29:33] [Server thread/INFO] (Minecraft) [@: Summoned new Ravager]
[01:29:33] [Render thread/INFO] (Minecraft) [System] [CHAT] [@: Summoned new Ravager]
[01:29:33] [Server thread/INFO] (Minecraft) [@: Summoned new Ravager]
[01:29:33] [Render thread/INFO] (Minecraft) [System] [CHAT] [@: Summoned new Ravager]
[01:29:33] [Server thread/INFO] (Minecraft) [@: Summoned new Ravager]
[01:29:33] [Render thread/INFO] (Minecraft) [System] [CHAT] [@: Summoned new Ravager]
[01:29:33] [Server thread/INFO] (Minecraft) [@: Summoned new Ravager]
[01:29:33] [Render thread/INFO] (Minecraft) [System] [CHAT] [@: Summoned new Ravager]
[01:29:33] [Server thread/INFO] (Minecraft) [@: Summoned new Ravager]
[01:29:33] [Render thread/INFO] (Minecraft) [System] [CHAT] [@: Summoned new Ravager]
[01:29:33] [Server thread/INFO] (Minecraft) [@: Summoned new Ravager]
[01:29:33] [Render thread/INFO] (Minecraft) [System] [CHAT] [@: Summoned new Ravager]
[01:29:33] [Server thread/INFO] (Minecraft) [@: Summoned new Ravager]
[01:29:33] [Render thread/INFO] (Minecraft) [System] [CHAT] [@: Summoned new Ravager]
[01:29:33] [Server thread/INFO] (Minecraft) [@: Summoned new Ravager]
[01:29:33] [Render thread/INFO] (Minecraft) [System] [CHAT] [@: Summoned new Ravager]
[01:29:33] [Server thread/INFO] (Minecraft) [@: Summoned new Ravager]
[01:29:33] [Render thread/INFO] (Minecraft) [System] [CHAT] [@: Summoned new Ravager]
[01:29:33] [Server thread/INFO] (Minecraft) [@: Summoned new Ravager]
[01:29:33] [Render thread/INFO] (Minecraft) [System] [CHAT] [@: Summoned new Ravager]
[01:29:33] [Server thread/INFO] (Minecraft) [@: Summoned new Ravager]
[01:29:33] [Render thread/INFO] (Minecraft) [System] [CHAT] [@: Summoned new Ravager]
[01:29:33] [Server thread/INFO] (Minecraft) [@: Summoned new Ravager]
[01:29:33] [Render thread/INFO] (Minecraft) [System] [CHAT] [@: Summoned new Ravager]
[01:29:33] [Server thread/INFO] (Minecraft) [@: Summoned new Ravager]
[01:29:33] [Render thread/INFO] (Minecraft) [System] [CHAT] [@: Summoned new Ravager]
[01:29:33] [Server thread/INFO] (Minecraft) [@: Summoned new Ravager]
[01:29:33] [Render thread/INFO] (Minecraft) [System] [CHAT] [@: Summoned new Ravager]
[01:29:33] [Server thread/INFO] (Minecraft) [@: Summoned new Ravager]
[01:29:33] [Render thread/INFO] (Minecraft) [System] [CHAT] [@: Summoned new Ravager]
[01:29:33] [Server thread/INFO] (Minecraft) [@: Summoned new Ravager]
[01:29:33] [Render thread/INFO] (Minecraft) [System] [CHAT] [@: Summoned new Ravager]
[01:29:34] [Server thread/INFO] (Minecraft) [@: Summoned new Ravager]
[01:29:34] [Render thread/INFO] (Minecraft) [System] [CHAT] [@: Summoned new Ravager]
[01:29:34] [Server thread/INFO] (Minecraft) [@: Summoned new Ravager]
[01:29:34] [Render thread/INFO] (Minecraft) [System] [CHAT] [@: Summoned new Ravager]
[01:29:34] [Server thread/INFO] (Minecraft) [@: Summoned new Ravager]
[01:29:34] [Render thread/INFO] (Minecraft) [System] [CHAT] [@: Summoned new Ravager]
[01:29:34] [Server thread/INFO] (Minecraft) [@: Summoned new Ravager]
[01:29:34] [Render thread/INFO] (Minecraft) [System] [CHAT] [@: Summoned new Ravager]
[01:29:34] [Server thread/INFO] (Minecraft) [@: Summoned new Ravager]
[01:29:34] [Render thread/INFO] (Minecraft) [System] [CHAT] [@: Summoned new Ravager]
[01:29:34] [Server thread/INFO] (Minecraft) [@: Summoned new Ravager]
[01:29:34] [Render thread/INFO] (Minecraft) [System] [CHAT] [@: Summoned new Ravager]
[01:29:34] [Server thread/INFO] (Minecraft) [@: Summoned new Ravager]
[01:29:34] [Render thread/INFO] (Minecraft) [System] [CHAT] [@: Summoned new Ravager]
[01:29:34] [Server thread/INFO] (Minecraft) [@: Summoned new Ravager]
[01:29:34] [Render thread/INFO] (Minecraft) [System] [CHAT] [@: Summoned new Ravager]
[01:29:34] [Server thread/INFO] (Minecraft) [@: Summoned new Ravager]
[01:29:34] [Render thread/INFO] (Minecraft) [System] [CHAT] [@: Summoned new Ravager]
[01:29:34] [Server thread/INFO] (Minecraft) [@: Summoned new Ravager]
[01:29:34] [Render thread/INFO] (Minecraft) [System] [CHAT] [@: Summoned new Ravager]
[01:29:34] [Server thread/INFO] (Minecraft) [Player148: Set own game mode to Spectator Mode]
[01:29:34] [Server thread/INFO] (Minecraft) [@: Summoned new Ravager]
[01:29:34] [Render thread/INFO] (Minecraft) [System] [CHAT] Set own game mode to Spectator Mode
[01:29:34] [Render thread/INFO] (Minecraft) [System] [CHAT] [@: Summoned new Ravager]
[01:29:34] [Server thread/INFO] (Minecraft) [@: Summoned new Ravager]
[01:29:34] [Render thread/INFO] (Minecraft) [System] [CHAT] [@: Summoned new Ravager]
[01:29:34] [Server thread/INFO] (Minecraft) [@: Summoned new Ravager]
[01:29:34] [Render thread/INFO] (Minecraft) [System] [CHAT] [@: Summoned new Ravager]
[01:29:34] [Server thread/INFO] (Minecraft) [@: Summoned new Ravager]
[01:29:34] [Render thread/INFO] (Minecraft) [System] [CHAT] [@: Summoned new Ravager]
[01:29:34] [Server thread/INFO] (Minecraft) [@: Summoned new Ravager]
[01:29:34] [Render thread/INFO] (Minecraft) [System] [CHAT] [@: Summoned new Ravager]
[01:29:34] [Server thread/INFO] (Minecraft) [@: Summoned new Ravager]
[01:29:34] [Render thread/INFO] (Minecraft) [System] [CHAT] [@: Summoned new Ravager]
[01:29:34] [Server thread/INFO] (Minecraft) [@: Summoned new Ravager]
[01:29:34] [Render thread/INFO] (Minecraft) [System] [CHAT] [@: Summoned new Ravager]
[01:29:34] [Server thread/INFO] (Minecraft) [@: Summoned new Ravager]
[01:29:34] [Render thread/INFO] (Minecraft) [System] [CHAT] [@: Summoned new Ravager]
[01:29:34] [Server thread/INFO] (Minecraft) [@: Summoned new Ravager]
[01:29:34] [Render thread/INFO] (Minecraft) [System] [CHAT] [@: Summoned new Ravager]
[01:29:34] [Server thread/INFO] (Minecraft) [@: Summoned new Ravager]
[01:29:34] [Render thread/INFO] (Minecraft) [System] [CHAT] [@: Summoned new Ravager]
[01:29:35] [Server thread/INFO] (Minecraft) [@: Summoned new Ravager]
[01:29:35] [Render thread/INFO] (Minecraft) [System] [CHAT] [@: Summoned new Ravager]
[01:29:35] [Server thread/INFO] (Minecraft) [@: Summoned new Ravager]
[01:29:35] [Render thread/INFO] (Minecraft) [System] [CHAT] [@: Summoned new Ravager]
[01:29:35] [Server thread/INFO] (Minecraft) [@: Summoned new Ravager]
[01:29:35] [Render thread/INFO] (Minecraft) [System] [CHAT] [@: Summoned new Ravager]
[01:29:35] [Server thread/INFO] (Minecraft) [@: Summoned new Ravager]
[01:29:35] [Render thread/INFO] (Minecraft) [System] [CHAT] [@: Summoned new Ravager]
[01:29:35] [Server thread/INFO] (Minecraft) [@: Summoned new Ravager]
[01:29:35] [Render thread/INFO] (Minecraft) [System] [CHAT] [@: Summoned new Ravager]
[01:29:35] [Server thread/INFO] (Minecraft) [@: Summoned new Ravager]
[01:29:35] [Render thread/INFO] (Minecraft) [System] [CHAT] [@: Summoned new Ravager]
[01:29:35] [Server thread/INFO] (Minecraft) [@: Summoned new Ravager]
[01:29:35] [Render thread/INFO] (Minecraft) [System] [CHAT] [@: Summoned new Ravager]
[01:29:35] [Server thread/INFO] (Minecraft) [@: Summoned new Ravager]
[01:29:35] [Render thread/INFO] (Minecraft) [System] [CHAT] [@: Summoned new Ravager]
[01:29:35] [Server thread/INFO] (Minecraft) [@: Summoned new Ravager]
[01:29:35] [Render thread/INFO] (Minecraft) [System] [CHAT] [@: Summoned new Ravager]
[01:29:35] [Server thread/INFO] (Minecraft) [@: Summoned new Ravager]
[01:29:35] [Render thread/INFO] (Minecraft) [System] [CHAT] [@: Summoned new Ravager]
[01:29:35] [Server thread/INFO] (Minecraft) [@: Summoned new Ravager]
[01:29:35] [Render thread/INFO] (Minecraft) [System] [CHAT] [@: Summoned new Ravager]
[01:29:35] [Server thread/INFO] (Minecraft) [@: Summoned new Ravager]
[01:29:35] [Render thread/INFO] (Minecraft) [System] [CHAT] [@: Summoned new Ravager]
[01:29:35] [Server thread/INFO] (Minecraft) [@: Summoned new Ravager]
[01:29:35] [Render thread/INFO] (Minecraft) [System] [CHAT] [@: Summoned new Ravager]
[01:29:35] [Server thread/INFO] (Minecraft) [@: Summoned new Ravager]
[01:29:35] [Render thread/INFO] (Minecraft) [System] [CHAT] [@: Summoned new Ravager]
[01:29:35] [Server thread/INFO] (Minecraft) [@: Summoned new Ravager]
[01:29:35] [Render thread/INFO] (Minecraft) [System] [CHAT] [@: Summoned new Ravager]
[01:29:35] [Server thread/INFO] (Minecraft) [@: Summoned new Ravager]
[01:29:35] [Render thread/INFO] (Minecraft) [System] [CHAT] [@: Summoned new Ravager]
[01:29:35] [Server thread/INFO] (Minecraft) [@: Summoned new Ravager]
[01:29:35] [Render thread/INFO] (Minecraft) [System] [CHAT] [@: Summoned new Ravager]
[01:29:35] [Server thread/INFO] (Minecraft) [@: Summoned new Ravager]
[01:29:35] [Render thread/INFO] (Minecraft) [System] [CHAT] [@: Summoned new Ravager]
[01:29:35] [Server thread/INFO] (Minecraft) [@: Summoned new Ravager]
[01:29:36] [Render thread/INFO] (Minecraft) [System] [CHAT] [@: Summoned new Ravager]
[01:29:36] [Server thread/INFO] (Minecraft) [@: Summoned new Ravager]
[01:29:36] [Render thread/INFO] (Minecraft) [System] [CHAT] [@: Summoned new Ravager]
[01:29:36] [Server thread/INFO] (Minecraft) [@: Summoned new Ravager]
[01:29:36] [Render thread/INFO] (Minecraft) [System] [CHAT] [@: Summoned new Ravager]
[01:29:36] [Server thread/INFO] (Minecraft) [@: Summoned new Ravager]
[01:29:36] [Render thread/INFO] (Minecraft) [System] [CHAT] [@: Summoned new Ravager]
[01:29:36] [Server thread/INFO] (Minecraft) [@: Summoned new Ravager]
[01:29:36] [Render thread/INFO] (Minecraft) [System] [CHAT] [@: Summoned new Ravager]
[01:29:36] [Server thread/INFO] (Minecraft) [@: Summoned new Ravager]
[01:29:36] [Render thread/INFO] (Minecraft) [System] [CHAT] [@: Summoned new Ravager]
[01:29:36] [Server thread/INFO] (Minecraft) [@: Summoned new Ravager]
[01:29:36] [Render thread/INFO] (Minecraft) [System] [CHAT] [@: Summoned new Ravager]
[01:29:36] [Server thread/INFO] (Minecraft) [@: Summoned new Ravager]
[01:29:36] [Render thread/INFO] (Minecraft) [System] [CHAT] [@: Summoned new Ravager]
[01:29:36] [Server thread/INFO] (Minecraft) [@: Summoned new Ravager]
[01:29:36] [Render thread/INFO] (Minecraft) [System] [CHAT] [@: Summoned new Ravager]
[01:29:36] [Server thread/INFO] (Minecraft) [@: Summoned new Ravager]
[01:29:36] [Render thread/INFO] (Minecraft) [System] [CHAT] [@: Summoned new Ravager]
[01:29:36] [Server thread/INFO] (Minecraft) [@: Summoned new Ravager]
[01:29:36] [Render thread/INFO] (Minecraft) [System] [CHAT] [@: Summoned new Ravager]
[01:29:36] [Server thread/INFO] (Minecraft) [@: Summoned new Ravager]
[01:29:36] [Render thread/INFO] (Minecraft) [System] [CHAT] [@: Summoned new Ravager]
[01:29:36] [Server thread/INFO] (Minecraft) [@: Summoned new Ravager]
[01:29:36] [Render thread/INFO] (Minecraft) [System] [CHAT] [@: Summoned new Ravager]
[01:29:36] [Server thread/INFO] (Minecraft) [@: Summoned new Ravager]
[01:29:36] [Render thread/INFO] (Minecraft) [System] [CHAT] [@: Summoned new Ravager]
[01:29:36] [Server thread/INFO] (Minecraft) [@: Summoned new Ravager]
[01:29:36] [Render thread/INFO] (Minecraft) [System] [CHAT] [@: Summoned new Ravager]
[01:29:36] [Server thread/INFO] (Minecraft) [@: Summoned new Ravager]
[01:29:36] [Render thread/INFO] (Minecraft) [System] [CHAT] [@: Summoned new Ravager]
[01:29:36] [Server thread/INFO] (Minecraft) [@: Summoned new Ravager]
[01:29:36] [Render thread/INFO] (Minecraft) [System] [CHAT] [@: Summoned new Ravager]
[01:29:36] [Server thread/INFO] (Minecraft) [@: Summoned new Ravager]
[01:29:36] [Render thread/INFO] (Minecraft) [System] [CHAT] [@: Summoned new Ravager]
[01:29:36] [Server thread/INFO] (Minecraft) [@: Summoned new Ravager]
[01:29:36] [Render thread/INFO] (Minecraft) [System] [CHAT] [@: Summoned new Ravager]
[01:29:36] [Server thread/INFO] (Minecraft) [@: Summoned new Ravager]
[01:29:36] [Render thread/INFO] (Minecraft) [System] [CHAT] [@: Summoned new Ravager]
[01:29:36] [Server thread/INFO] (Minecraft) [@: Summoned new Ravager]
[01:29:36] [Render thread/INFO] (Minecraft) [System] [CHAT] [@: Summoned new Ravager]
[01:29:37] [Server thread/INFO] (Minecraft) [@: Summoned new Ravager]
[01:29:37] [Render thread/INFO] (Minecraft) [System] [CHAT] [@: Summoned new Ravager]
[01:29:37] [Server thread/INFO] (Minecraft) [@: Summoned new Ravager]
[01:29:37] [Render thread/INFO] (Minecraft) [System] [CHAT] [@: Summoned new Ravager]
[01:29:37] [Server thread/INFO] (Minecraft) [@: Summoned new Ravager]
[01:29:37] [Render thread/INFO] (Minecraft) [System] [CHAT] [@: Summoned new Ravager]
[01:29:37] [Server thread/INFO] (Minecraft) [@: Summoned new Ravager]
[01:29:37] [Render thread/INFO] (Minecraft) [System] [CHAT] [@: Summoned new Ravager]
[01:29:37] [Server thread/INFO] (Minecraft) [@: Summoned new Ravager]
[01:29:37] [Render thread/INFO] (Minecraft) [System] [CHAT] [@: Summoned new Ravager]
[01:29:37] [Server thread/INFO] (Minecraft) [@: Summoned new Ravager]
[01:29:37] [Render thread/INFO] (Minecraft) [System] [CHAT] [@: Summoned new Ravager]
[01:29:37] [Server thread/INFO] (Minecraft) [@: Summoned new Ravager]
[01:29:37] [Render thread/INFO] (Minecraft) [System] [CHAT] [@: Summoned new Ravager]
[01:29:37] [Server thread/INFO] (Minecraft) [@: Summoned new Ravager]
[01:29:37] [Render thread/INFO] (Minecraft) [System] [CHAT] [@: Summoned new Ravager]
[01:29:37] [Server thread/INFO] (Minecraft) [@: Summoned new Ravager]
[01:29:37] [Render thread/INFO] (Minecraft) [System] [CHAT] [@: Summoned new Ravager]
[01:29:37] [Server thread/INFO] (Minecraft) [@: Summoned new Ravager]
[01:29:37] [Render thread/INFO] (Minecraft) [System] [CHAT] [@: Summoned new Ravager]
[01:29:37] [Server thread/INFO] (Minecraft) [@: Summoned new Ravager]
[01:29:37] [Render thread/INFO] (Minecraft) [System] [CHAT] [@: Summoned new Ravager]
[01:29:37] [Server thread/INFO] (Minecraft) [@: Summoned new Ravager]
[01:29:37] [Render thread/INFO] (Minecraft) [System] [CHAT] [@: Summoned new Ravager]
[01:29:37] [Server thread/INFO] (Minecraft) [@: Summoned new Ravager]
[01:29:37] [Render thread/INFO] (Minecraft) [System] [CHAT] [@: Summoned new Ravager]
[01:29:37] [Server thread/INFO] (Minecraft) [@: Summoned new Ravager]
[01:29:37] [Render thread/INFO] (Minecraft) [System] [CHAT] [@: Summoned new Ravager]
[01:29:37] [Server thread/INFO] (Minecraft) [@: Summoned new Ravager]
[01:29:37] [Render thread/INFO] (Minecraft) [System] [CHAT] [@: Summoned new Ravager]
[01:29:37] [Server thread/INFO] (Minecraft) [@: Summoned new Ravager]
[01:29:37] [Render thread/INFO] (Minecraft) [System] [CHAT] [@: Summoned new Ravager]
[01:29:37] [Server thread/INFO] (Minecraft) [@: Summoned new Ravager]
[01:29:37] [Render thread/INFO] (Minecraft) [System] [CHAT] [@: Summoned new Ravager]
[01:29:37] [Server thread/INFO] (Minecraft) [@: Summoned new Ravager]
[01:29:37] [Render thread/INFO] (Minecraft) [System] [CHAT] [@: Summoned new Ravager]
[01:29:37] [Server thread/INFO] (Minecraft) [@: Summoned new Ravager]
[01:29:37] [Render thread/INFO] (Minecraft) [System] [CHAT] [@: Summoned new Ravager]
[01:29:37] [Server thread/INFO] (Minecraft) [@: Summoned new Ravager]
[01:29:37] [Render thread/INFO] (Minecraft) [System] [CHAT] [@: Summoned new Ravager]
[01:29:38] [Server thread/INFO] (Minecraft) [@: Summoned new Ravager]
[01:29:38] [Render thread/INFO] (Minecraft) [System] [CHAT] [@: Summoned new Ravager]
[01:29:38] [Server thread/INFO] (Minecraft) [@: Summoned new Ravager]
[01:29:38] [Render thread/INFO] (Minecraft) [System] [CHAT] [@: Summoned new Ravager]
[01:29:38] [Server thread/INFO] (Minecraft) [@: Summoned new Ravager]
[01:29:38] [Render thread/INFO] (Minecraft) [System] [CHAT] [@: Summoned new Ravager]
[01:29:38] [Server thread/INFO] (Minecraft) [@: Summoned new Ravager]
[01:29:38] [Render thread/INFO] (Minecraft) [System] [CHAT] [@: Summoned new Ravager]
[01:29:38] [Server thread/INFO] (Minecraft) [@: Summoned new Ravager]
[01:29:38] [Render thread/INFO] (Minecraft) [System] [CHAT] [@: Summoned new Ravager]
[01:29:38] [Server thread/INFO] (Minecraft) [@: Summoned new Ravager]
[01:29:38] [Render thread/INFO] (Minecraft) [System] [CHAT] [@: Summoned new Ravager]
[01:29:38] [Server thread/INFO] (Minecraft) [@: Summoned new Ravager]
[01:29:38] [Render thread/INFO] (Minecraft) [System] [CHAT] [@: Summoned new Ravager]
[01:29:38] [Server thread/INFO] (Minecraft) [@: Summoned new Ravager]
[01:29:38] [Render thread/INFO] (Minecraft) [System] [CHAT] [@: Summoned new Ravager]
[01:29:38] [Server thread/INFO] (Minecraft) [@: Summoned new Ravager]
[01:29:38] [Render thread/INFO] (Minecraft) [System] [CHAT] [@: Summoned new Ravager]
[01:29:38] [Server thread/INFO] (Minecraft) [@: Summoned new Ravager]
[01:29:38] [Render thread/INFO] (Minecraft) [System] [CHAT] [@: Summoned new Ravager]
[01:29:38] [Server thread/INFO] (Minecraft) [@: Summoned new Ravager]
[01:29:38] [Render thread/INFO] (Minecraft) [System] [CHAT] [@: Summoned new Ravager]
[01:29:38] [Server thread/INFO] (Minecraft) [@: Summoned new Ravager]
[01:29:38] [Render thread/INFO] (Minecraft) [System] [CHAT] [@: Summoned new Ravager]
[01:29:38] [Server thread/INFO] (Minecraft) [@: Summoned new Ravager]
[01:29:38] [Render thread/INFO] (Minecraft) [System] [CHAT] [@: Summoned new Ravager]
[01:29:38] [Server thread/INFO] (Minecraft) [@: Summoned new Ravager]
[01:29:38] [Render thread/INFO] (Minecraft) [System] [CHAT] [@: Summoned new Ravager]
[01:29:38] [Render thread/INFO] (Minecraft) Loaded 31 advancements
[01:29:38] [Server thread/INFO] (Minecraft) [@: Summoned new Ravager]
[01:29:38] [Render thread/INFO] (Minecraft) [System] [CHAT] [@: Summoned new Ravager]
[01:29:38] [Server thread/INFO] (Minecraft) [@: Summoned new Ravager]
[01:29:38] [Render thread/INFO] (Minecraft) [System] [CHAT] [@: Summoned new Ravager]
[01:29:38] [Server thread/INFO] (Minecraft) [@: Summoned new Ravager]
[01:29:38] [Render thread/INFO] (Minecraft) [System] [CHAT] [@: Summoned new Ravager]
[01:29:38] [Server thread/INFO] (Minecraft) [@: Summoned new Ravager]
[01:29:38] [Render thread/INFO] (Minecraft) [System] [CHAT] [@: Summoned new Ravager]
[01:29:38] [Server thread/INFO] (Minecraft) [@: Summoned new Ravager]
[01:29:38] [Render thread/INFO] (Minecraft) [System] [CHAT] [@: Summoned new Ravager]
[01:29:38] [Server thread/INFO] (Minecraft) [@: Summoned new Ravager]
[01:29:38] [Render thread/INFO] (Minecraft) [System] [CHAT] [@: Summoned new Ravager]
[01:29:39] [Server thread/INFO] (Minecraft) [@: Summoned new Ravager]
[01:29:39] [Render thread/INFO] (Minecraft) [System] [CHAT] [@: Summoned new Ravager]
[01:29:39] [Server thread/INFO] (Minecraft) [@: Summoned new Ravager]
[01:29:39] [Render thread/INFO] (Minecraft) [System] [CHAT] [@: Summoned new Ravager]
[01:29:39] [Server thread/INFO] (Minecraft) [@: Summoned new Ravager]
[01:29:39] [Render thread/INFO] (Minecraft) [System] [CHAT] [@: Summoned new Ravager]
[01:29:39] [Server thread/INFO] (Minecraft) [@: Summoned new Ravager]
[01:29:39] [Render thread/INFO] (Minecraft) [System] [CHAT] [@: Summoned new Ravager]
[01:29:39] [Server thread/INFO] (Minecraft) [@: Summoned new Ravager]
[01:29:39] [Render thread/INFO] (Minecraft) [System] [CHAT] [@: Summoned new Ravager]
[01:29:39] [Server thread/INFO] (Minecraft) [@: Summoned new Ravager]
[01:29:39] [Render thread/INFO] (Minecraft) [System] [CHAT] [@: Summoned new Ravager]
[01:29:39] [Server thread/INFO] (Minecraft) [@: Summoned new Ravager]
[01:29:39] [Render thread/INFO] (Minecraft) [System] [CHAT] [@: Summoned new Ravager]
[01:29:39] [Server thread/INFO] (Minecraft) [@: Summoned new Ravager]
[01:29:39] [Render thread/INFO] (Minecraft) [System] [CHAT] [@: Summoned new Ravager]
[01:29:39] [Server thread/INFO] (Minecraft) [@: Summoned new Ravager]
[01:29:39] [Render thread/INFO] (Minecraft) [System] [CHAT] [@: Summoned new Ravager]
[01:29:39] [Server thread/INFO] (Minecraft) [@: Summoned new Ravager]
[01:29:39] [Render thread/INFO] (Minecraft) [System] [CHAT] [@: Summoned new Ravager]
[01:29:39] [Server thread/INFO] (Minecraft) [@: Summoned new Ravager]
[01:29:39] [Render thread/INFO] (Minecraft) [System] [CHAT] [@: Summoned new Ravager]
[01:29:39] [Server thread/INFO] (Minecraft) [@: Summoned new Ravager]
[01:29:39] [Render thread/INFO] (Minecraft) [System] [CHAT] [@: Summoned new Ravager]
[01:29:39] [Server thread/INFO] (Minecraft) [@: Summoned new Ravager]
[01:29:39] [Render thread/INFO] (Minecraft) [System] [CHAT] [@: Summoned new Ravager]
[01:29:39] [Server thread/INFO] (Minecraft) [@: Summoned new Ravager]
[01:29:39] [Render thread/INFO] (Minecraft) [System] [CHAT] [@: Summoned new Ravager]
[01:29:39] [Server thread/INFO] (Minecraft) [@: Summoned new Ravager]
[01:29:39] [Render thread/INFO] (Minecraft) [System] [CHAT] [@: Summoned new Ravager]
[01:29:39] [Server thread/INFO] (Minecraft) [@: Summoned new Ravager]
[01:29:39] [Render thread/INFO] (Minecraft) [System] [CHAT] [@: Summoned new Ravager]
[01:29:39] [Server thread/INFO] (Minecraft) [@: Summoned new Ravager]
[01:29:39] [Render thread/INFO] (Minecraft) [System] [CHAT] [@: Summoned new Ravager]
[01:29:39] [Server thread/INFO] (Minecraft) [Player148: Set own game mode to Creative Mode]
[01:29:39] [Render thread/INFO] (Minecraft) [System] [CHAT] Set own game mode to Creative Mode
[01:29:39] [Server thread/INFO] (Minecraft) [@: Summoned new Ravager]
[01:29:39] [Render thread/INFO] (Minecraft) [System] [CHAT] [@: Summoned new Ravager]
[01:29:39] [Server thread/INFO] (Minecraft) [@: Summoned new Ravager]
[01:29:39] [Render thread/INFO] (Minecraft) [System] [CHAT] [@: Summoned new Ravager]
[01:29:39] [Server thread/INFO] (Minecraft) [@: Summoned new Ravager]
[01:29:39] [Render thread/INFO] (Minecraft) [System] [CHAT] [@: Summoned new Ravager]
[01:29:39] [Server thread/INFO] (Minecraft) [@: Summoned new Ravager]
[01:29:40] [Render thread/INFO] (Minecraft) [System] [CHAT] [@: Summoned new Ravager]
[01:29:40] [Server thread/INFO] (Minecraft) [@: Summoned new Ravager]
[01:29:40] [Render thread/INFO] (Minecraft) [System] [CHAT] [@: Summoned new Ravager]
[01:29:40] [Server thread/INFO] (Minecraft) [@: Summoned new Ravager]
[01:29:40] [Render thread/INFO] (Minecraft) [System] [CHAT] [@: Summoned new Ravager]
[01:29:40] [Server thread/INFO] (Minecraft) [@: Summoned new Ravager]
[01:29:40] [Render thread/INFO] (Minecraft) [System] [CHAT] [@: Summoned new Ravager]
[01:29:40] [Server thread/INFO] (Minecraft) [@: Summoned new Ravager]
[01:29:40] [Render thread/INFO] (Minecraft) [System] [CHAT] [@: Summoned new Ravager]
[01:29:40] [Server thread/INFO] (Minecraft) [@: Summoned new Ravager]
[01:29:40] [Render thread/INFO] (Minecraft) [System] [CHAT] [@: Summoned new Ravager]
[01:29:40] [Server thread/INFO] (Minecraft) [@: Summoned new Ravager]
[01:29:40] [Render thread/INFO] (Minecraft) [System] [CHAT] [@: Summoned new Ravager]
[01:29:40] [Server thread/INFO] (Minecraft) [@: Summoned new Ravager]
[01:29:40] [Render thread/INFO] (Minecraft) [System] [CHAT] [@: Summoned new Ravager]
[01:29:40] [Server thread/INFO] (Minecraft) [@: Summoned new Ravager]
[01:29:40] [Render thread/INFO] (Minecraft) [System] [CHAT] [@: Summoned new Ravager]
[01:29:40] [Server thread/INFO] (Minecraft) [@: Summoned new Ravager]
[01:29:40] [Render thread/INFO] (Minecraft) [System] [CHAT] [@: Summoned new Ravager]
[01:29:40] [Server thread/INFO] (Minecraft) [@: Summoned new Ravager]
[01:29:40] [Render thread/INFO] (Minecraft) [System] [CHAT] [@: Summoned new Ravager]
[01:29:40] [Server thread/INFO] (Minecraft) [@: Summoned new Ravager]
[01:29:40] [Render thread/INFO] (Minecraft) [System] [CHAT] [@: Summoned new Ravager]
[01:29:40] [Server thread/INFO] (Minecraft) [@: Summoned new Ravager]
[01:29:40] [Render thread/INFO] (Minecraft) [System] [CHAT] [@: Summoned new Ravager]
[01:29:40] [Server thread/INFO] (Minecraft) [@: Summoned new Ravager]
[01:29:40] [Render thread/INFO] (Minecraft) [System] [CHAT] [@: Summoned new Ravager]
[01:29:40] [Server thread/INFO] (Minecraft) [@: Summoned new Ravager]
[01:29:40] [Render thread/INFO] (Minecraft) [System] [CHAT] [@: Summoned new Ravager]
[01:29:40] [Server thread/INFO] (Minecraft) [@: Summoned new Ravager]
[01:29:40] [Render thread/INFO] (Minecraft) [System] [CHAT] [@: Summoned new Ravager]
[01:29:40] [Server thread/INFO] (Minecraft) [@: Summoned new Ravager]
[01:29:40] [Render thread/INFO] (Minecraft) [System] [CHAT] [@: Summoned new Ravager]
[01:29:40] [Server thread/INFO] (Minecraft) [@: Summoned new Ravager]
[01:29:40] [Render thread/INFO] (Minecraft) [System] [CHAT] [@: Summoned new Ravager]
[01:29:40] [Server thread/INFO] (Minecraft) [@: Summoned new Ravager]
[01:29:40] [Render thread/INFO] (Minecraft) [System] [CHAT] [@: Summoned new Ravager]
[01:29:40] [Server thread/INFO] (Minecraft) [@: Summoned new Ravager]
[01:29:40] [Render thread/INFO] (Minecraft) [System] [CHAT] [@: Summoned new Ravager]
[01:29:40] [Server thread/INFO] (Minecraft) [@: Summoned new Ravager]
[01:29:41] [Render thread/INFO] (Minecraft) [System] [CHAT] [@: Summoned new Ravager]
[01:29:41] [Server thread/INFO] (Minecraft) [@: Summoned new Ravager]
[01:29:41] [Render thread/INFO] (Minecraft) [System] [CHAT] [@: Summoned new Ravager]
[01:29:41] [Server thread/INFO] (Minecraft) [@: Summoned new Ravager]
[01:29:41] [Render thread/INFO] (Minecraft) [System] [CHAT] [@: Summoned new Ravager]
[01:29:41] [Server thread/INFO] (Minecraft) [@: Summoned new Ravager]
[01:29:41] [Render thread/INFO] (Minecraft) [System] [CHAT] [@: Summoned new Ravager]
[01:29:41] [Server thread/INFO] (Minecraft) [@: Summoned new Ravager]
[01:29:41] [Render thread/INFO] (Minecraft) [System] [CHAT] [@: Summoned new Ravager]
[01:29:41] [Server thread/INFO] (Minecraft) [@: Summoned new Ravager]
[01:29:41] [Render thread/INFO] (Minecraft) [System] [CHAT] [@: Summoned new Ravager]
[01:29:41] [Server thread/INFO] (Minecraft) [@: Summoned new Ravager]
[01:29:41] [Render thread/INFO] (Minecraft) [System] [CHAT] [@: Summoned new Ravager]
[01:29:41] [Server thread/INFO] (Minecraft) [@: Summoned new Ravager]
[01:29:41] [Render thread/INFO] (Minecraft) [System] [CHAT] [@: Summoned new Ravager]
[01:29:41] [Server thread/INFO] (Minecraft) [@: Summoned new Ravager]
[01:29:41] [Render thread/INFO] (Minecraft) [System] [CHAT] [@: Summoned new Ravager]
[01:29:41] [Server thread/INFO] (Minecraft) [@: Summoned new Ravager]
[01:29:41] [Render thread/INFO] (Minecraft) [System] [CHAT] [@: Summoned new Ravager]
[01:29:41] [Server thread/INFO] (Minecraft) [@: Summoned new Ravager]
[01:29:41] [Render thread/INFO] (Minecraft) [System] [CHAT] [@: Summoned new Ravager]
[01:29:41] [Server thread/INFO] (Minecraft) [@: Summoned new Ravager]
[01:29:41] [Render thread/INFO] (Minecraft) [System] [CHAT] [@: Summoned new Ravager]
[01:29:41] [Server thread/INFO] (Minecraft) [@: Summoned new Ravager]
[01:29:41] [Render thread/INFO] (Minecraft) [System] [CHAT] [@: Summoned new Ravager]
[01:29:41] [Server thread/INFO] (Minecraft) [@: Summoned new Ravager]
[01:29:41] [Render thread/INFO] (Minecraft) [System] [CHAT] [@: Summoned new Ravager]
[01:29:41] [Server thread/INFO] (Minecraft) [@: Summoned new Ravager]
[01:29:41] [Render thread/INFO] (Minecraft) [System] [CHAT] [@: Summoned new Ravager]
[01:29:41] [Server thread/INFO] (Minecraft) [@: Summoned new Ravager]
[01:29:41] [Render thread/INFO] (Minecraft) [System] [CHAT] [@: Summoned new Ravager]
[01:29:41] [Server thread/INFO] (Minecraft) [@: Summoned new Ravager]
[01:29:41] [Render thread/INFO] (Minecraft) [System] [CHAT] [@: Summoned new Ravager]
[01:29:41] [Server thread/INFO] (Minecraft) [Player148: Set own game mode to Spectator Mode]
[01:29:41] [Render thread/INFO] (Minecraft) [System] [CHAT] Set own game mode to Spectator Mode
[01:29:41] [Server thread/INFO] (Minecraft) [@: Summoned new Ravager]
[01:29:41] [Render thread/INFO] (Minecraft) [System] [CHAT] [@: Summoned new Ravager]
[01:29:41] [Server thread/INFO] (Minecraft) [@: Summoned new Ravager]
[01:29:41] [Render thread/INFO] (Minecraft) [System] [CHAT] [@: Summoned new Ravager]
[01:29:41] [Server thread/INFO] (Minecraft) [@: Summoned new Ravager]
[01:29:41] [Render thread/INFO] (Minecraft) [System] [CHAT] [@: Summoned new Ravager]
[01:29:41] [Server thread/INFO] (Minecraft) [@: Summoned new Ravager]
[01:29:42] [Render thread/INFO] (Minecraft) [System] [CHAT] [@: Summoned new Ravager]
[01:29:42] [Server thread/INFO] (Minecraft) [@: Summoned new Ravager]
[01:29:42] [Render thread/INFO] (Minecraft) [System] [CHAT] [@: Summoned new Ravager]
[01:29:42] [Server thread/INFO] (Minecraft) [@: Summoned new Ravager]
[01:29:42] [Render thread/INFO] (Minecraft) [System] [CHAT] [@: Summoned new Ravager]
[01:29:42] [Server thread/INFO] (Minecraft) [@: Summoned new Ravager]
[01:29:42] [Render thread/INFO] (Minecraft) [System] [CHAT] [@: Summoned new Ravager]
[01:29:42] [Server thread/INFO] (Minecraft) [@: Summoned new Ravager]
[01:29:42] [Render thread/INFO] (Minecraft) [System] [CHAT] [@: Summoned new Ravager]
[01:29:42] [Server thread/INFO] (Minecraft) [@: Summoned new Ravager]
[01:29:42] [Render thread/INFO] (Minecraft) [System] [CHAT] [@: Summoned new Ravager]
[01:29:42] [Server thread/INFO] (Minecraft) [@: Summoned new Ravager]
[01:29:42] [Render thread/INFO] (Minecraft) [System] [CHAT] [@: Summoned new Ravager]
[01:29:42] [Server thread/INFO] (Minecraft) [@: Summoned new Ravager]
[01:29:42] [Render thread/INFO] (Minecraft) [System] [CHAT] [@: Summoned new Ravager]
[01:29:42] [Server thread/INFO] (Minecraft) [@: Summoned new Ravager]
[01:29:42] [Render thread/INFO] (Minecraft) [System] [CHAT] [@: Summoned new Ravager]
[01:29:42] [Server thread/INFO] (Minecraft) [@: Summoned new Ravager]
[01:29:42] [Render thread/INFO] (Minecraft) [System] [CHAT] [@: Summoned new Ravager]
[01:29:42] [Server thread/INFO] (Minecraft) [@: Summoned new Ravager]
[01:29:42] [Render thread/INFO] (Minecraft) [System] [CHAT] [@: Summoned new Ravager]
[01:29:42] [Server thread/INFO] (Minecraft) [@: Summoned new Ravager]
[01:29:42] [Render thread/INFO] (Minecraft) [System] [CHAT] [@: Summoned new Ravager]
[01:29:42] [Server thread/INFO] (Minecraft) [@: Summoned new Ravager]
[01:29:42] [Render thread/INFO] (Minecraft) [System] [CHAT] [@: Summoned new Ravager]
[01:29:42] [Server thread/INFO] (Minecraft) [@: Summoned new Ravager]
[01:29:42] [Render thread/INFO] (Minecraft) [System] [CHAT] [@: Summoned new Ravager]
[01:29:42] [Server thread/INFO] (Minecraft) [@: Summoned new Ravager]
[01:29:42] [Render thread/INFO] (Minecraft) [System] [CHAT] [@: Summoned new Ravager]
[01:29:42] [Server thread/INFO] (Minecraft) [@: Summoned new Ravager]
[01:29:42] [Render thread/INFO] (Minecraft) [System] [CHAT] [@: Summoned new Ravager]
[01:29:42] [Server thread/INFO] (Minecraft) [@: Summoned new Ravager]
[01:29:42] [Render thread/INFO] (Minecraft) [System] [CHAT] [@: Summoned new Ravager]
[01:29:42] [Server thread/INFO] (Minecraft) [@: Summoned new Ravager]
[01:29:42] [Render thread/INFO] (Minecraft) [System] [CHAT] [@: Summoned new Ravager]
[01:29:42] [Server thread/INFO] (Minecraft) [@: Summoned new Ravager]
[01:29:42] [Render thread/INFO] (Minecraft) [System] [CHAT] [@: Summoned new Ravager]
[01:29:42] [Server thread/INFO] (Minecraft) [@: Summoned new Ravager]
[01:29:42] [Render thread/INFO] (Minecraft) [System] [CHAT] [@: Summoned new Ravager]
[01:29:42] [Server thread/INFO] (Minecraft) [@: Summoned new Ravager]
[01:29:43] [Render thread/INFO] (Minecraft) [System] [CHAT] [@: Summoned new Ravager]
[01:29:43] [Server thread/INFO] (Minecraft) [@: Summoned new Ravager]
[01:29:43] [Render thread/INFO] (Minecraft) [System] [CHAT] [@: Summoned new Ravager]
[01:29:43] [Server thread/INFO] (Minecraft) [@: Summoned new Ravager]
[01:29:43] [Render thread/INFO] (Minecraft) [System] [CHAT] [@: Summoned new Ravager]
[01:29:43] [Server thread/INFO] (Minecraft) [@: Summoned new Ravager]
[01:29:43] [Render thread/INFO] (Minecraft) [System] [CHAT] [@: Summoned new Ravager]
[01:29:43] [Server thread/INFO] (Minecraft) [@: Summoned new Ravager]
[01:29:43] [Render thread/INFO] (Minecraft) [System] [CHAT] [@: Summoned new Ravager]
[01:29:43] [Server thread/INFO] (Minecraft) [@: Summoned new Ravager]
[01:29:43] [Render thread/INFO] (Minecraft) [System] [CHAT] [@: Summoned new Ravager]
[01:29:43] [Server thread/INFO] (Minecraft) [@: Summoned new Ravager]
[01:29:43] [Render thread/INFO] (Minecraft) [System] [CHAT] [@: Summoned new Ravager]
[01:29:43] [Server thread/INFO] (Minecraft) [@: Summoned new Ravager]
[01:29:43] [Render thread/INFO] (Minecraft) [System] [CHAT] [@: Summoned new Ravager]
[01:29:43] [Server thread/INFO] (Minecraft) [@: Summoned new Ravager]
[01:29:43] [Render thread/INFO] (Minecraft) [System] [CHAT] [@: Summoned new Ravager]
[01:29:43] [Server thread/INFO] (Minecraft) [@: Summoned new Ravager]
[01:29:43] [Render thread/INFO] (Minecraft) [System] [CHAT] [@: Summoned new Ravager]
[01:29:43] [Server thread/INFO] (Minecraft) [@: Summoned new Ravager]
[01:29:43] [Render thread/INFO] (Minecraft) [System] [CHAT] [@: Summoned new Ravager]
[01:29:43] [Server thread/INFO] (Minecraft) [@: Summoned new Ravager]
[01:29:43] [Render thread/INFO] (Minecraft) [System] [CHAT] [@: Summoned new Ravager]
[01:29:43] [Server thread/INFO] (Minecraft) [@: Summoned new Ravager]
[01:29:43] [Render thread/INFO] (Minecraft) [System] [CHAT] [@: Summoned new Ravager]
[01:29:43] [Server thread/INFO] (Minecraft) [@: Summoned new Ravager]
[01:29:43] [Render thread/INFO] (Minecraft) [System] [CHAT] [@: Summoned new Ravager]
[01:29:43] [Server thread/INFO] (Minecraft) [@: Summoned new Ravager]
[01:29:43] [Render thread/INFO] (Minecraft) [System] [CHAT] [@: Summoned new Ravager]
[01:29:43] [Server thread/INFO] (Minecraft) [@: Summoned new Ravager]
[01:29:43] [Render thread/INFO] (Minecraft) [System] [CHAT] [@: Summoned new Ravager]
[01:29:43] [Server thread/INFO] (Minecraft) [Player148: Set own game mode to Creative Mode]
[01:29:43] [Render thread/INFO] (Minecraft) [System] [CHAT] Set own game mode to Creative Mode
[01:29:43] [Server thread/INFO] (Minecraft) [@: Summoned new Ravager]
[01:29:43] [Render thread/INFO] (Minecraft) [System] [CHAT] [@: Summoned new Ravager]
[01:29:43] [Server thread/INFO] (Minecraft) [@: Summoned new Ravager]
[01:29:43] [Render thread/INFO] (Minecraft) [System] [CHAT] [@: Summoned new Ravager]
[01:29:43] [Server thread/INFO] (Minecraft) [@: Summoned new Ravager]
[01:29:43] [Render thread/INFO] (Minecraft) [System] [CHAT] [@: Summoned new Ravager]
[01:29:43] [Server thread/INFO] (Minecraft) [@: Summoned new Ravager]
[01:29:43] [Render thread/INFO] (Minecraft) [System] [CHAT] [@: Summoned new Ravager]
[01:29:44] [Server thread/INFO] (Minecraft) [@: Summoned new Ravager]
[01:29:44] [Render thread/INFO] (Minecraft) [System] [CHAT] [@: Summoned new Ravager]
[01:29:44] [Server thread/INFO] (Minecraft) [@: Summoned new Ravager]
[01:29:44] [Render thread/INFO] (Minecraft) [System] [CHAT] [@: Summoned new Ravager]
[01:29:44] [Server thread/INFO] (Minecraft) [@: Summoned new Ravager]
[01:29:44] [Render thread/INFO] (Minecraft) [System] [CHAT] [@: Summoned new Ravager]
[01:29:44] [Server thread/INFO] (Minecraft) [@: Summoned new Ravager]
[01:29:44] [Render thread/INFO] (Minecraft) [System] [CHAT] [@: Summoned new Ravager]
[01:29:44] [Server thread/INFO] (Minecraft) [@: Summoned new Ravager]
[01:29:44] [Render thread/INFO] (Minecraft) [System] [CHAT] [@: Summoned new Ravager]
[01:29:44] [Server thread/INFO] (Minecraft) [@: Summoned new Ravager]
[01:29:44] [Render thread/INFO] (Minecraft) [System] [CHAT] [@: Summoned new Ravager]
[01:29:44] [Server thread/INFO] (Minecraft) [@: Summoned new Ravager]
[01:29:44] [Render thread/INFO] (Minecraft) [System] [CHAT] [@: Summoned new Ravager]
[01:29:44] [Server thread/INFO] (Minecraft) [Player148: Set own game mode to Spectator Mode]
[01:29:44] [Render thread/INFO] (Minecraft) [System] [CHAT] Set own game mode to Spectator Mode
[01:29:44] [Server thread/INFO] (Minecraft) [@: Summoned new Ravager]
[01:29:44] [Render thread/INFO] (Minecraft) [System] [CHAT] [@: Summoned new Ravager]
[01:29:44] [Server thread/INFO] (Minecraft) [@: Summoned new Ravager]
[01:29:44] [Render thread/INFO] (Minecraft) [System] [CHAT] [@: Summoned new Ravager]
[01:29:44] [Server thread/INFO] (Minecraft) [@: Summoned new Ravager]
[01:29:44] [Render thread/INFO] (Minecraft) [System] [CHAT] [@: Summoned new Ravager]
[01:29:44] [Server thread/INFO] (Minecraft) [@: Summoned new Ravager]
[01:29:44] [Render thread/INFO] (Minecraft) [System] [CHAT] [@: Summoned new Ravager]
[01:29:44] [Server thread/INFO] (Minecraft) [@: Summoned new Ravager]
[01:29:44] [Render thread/INFO] (Minecraft) [System] [CHAT] [@: Summoned new Ravager]
[01:29:44] [Server thread/INFO] (Minecraft) [@: Summoned new Ravager]
[01:29:44] [Render thread/INFO] (Minecraft) [System] [CHAT] [@: Summoned new Ravager]
[01:29:44] [Server thread/INFO] (Minecraft) [@: Summoned new Ravager]
[01:29:44] [Render thread/INFO] (Minecraft) [System] [CHAT] [@: Summoned new Ravager]
[01:29:44] [Server thread/INFO] (Minecraft) [@: Summoned new Ravager]
[01:29:44] [Render thread/INFO] (Minecraft) [System] [CHAT] [@: Summoned new Ravager]
[01:29:44] [Server thread/INFO] (Minecraft) [@: Summoned new Ravager]
[01:29:44] [Render thread/INFO] (Minecraft) [System] [CHAT] [@: Summoned new Ravager]
[01:29:44] [Server thread/INFO] (Minecraft) [@: Summoned new Ravager]
[01:29:44] [Render thread/INFO] (Minecraft) [System] [CHAT] [@: Summoned new Ravager]
[01:29:44] [Server thread/INFO] (Minecraft) [@: Summoned new Ravager]
[01:29:44] [Render thread/INFO] (Minecraft) [System] [CHAT] [@: Summoned new Ravager]
[01:29:44] [Server thread/INFO] (Minecraft) [@: Summoned new Ravager]
[01:29:44] [Render thread/INFO] (Minecraft) [System] [CHAT] [@: Summoned new Ravager]
[01:29:44] [Server thread/INFO] (Minecraft) [@: Summoned new Ravager]
[01:29:44] [Render thread/INFO] (Minecraft) [System] [CHAT] [@: Summoned new Ravager]
[01:29:45] [Server thread/INFO] (Minecraft) [@: Summoned new Ravager]
[01:29:45] [Render thread/INFO] (Minecraft) [System] [CHAT] [@: Summoned new Ravager]
[01:29:45] [Server thread/INFO] (Minecraft) [@: Summoned new Ravager]
[01:29:45] [Render thread/INFO] (Minecraft) [System] [CHAT] [@: Summoned new Ravager]
[01:29:45] [Server thread/INFO] (Minecraft) [@: Summoned new Ravager]
[01:29:45] [Render thread/INFO] (Minecraft) [System] [CHAT] [@: Summoned new Ravager]
[01:29:45] [Server thread/INFO] (Minecraft) [@: Summoned new Ravager]
[01:29:45] [Render thread/INFO] (Minecraft) [System] [CHAT] [@: Summoned new Ravager]
[01:29:45] [Server thread/INFO] (Minecraft) [@: Summoned new Ravager]
[01:29:45] [Render thread/INFO] (Minecraft) [System] [CHAT] [@: Summoned new Ravager]
[01:29:45] [Server thread/INFO] (Minecraft) [@: Summoned new Ravager]
[01:29:45] [Render thread/INFO] (Minecraft) [System] [CHAT] [@: Summoned new Ravager]
[01:29:45] [Server thread/INFO] (Minecraft) [@: Summoned new Ravager]
[01:29:45] [Render thread/INFO] (Minecraft) [System] [CHAT] [@: Summoned new Ravager]
[01:29:45] [Server thread/INFO] (Minecraft) [@: Summoned new Ravager]
[01:29:45] [Render thread/INFO] (Minecraft) [System] [CHAT] [@: Summoned new Ravager]
[01:29:45] [Server thread/INFO] (Minecraft) [@: Summoned new Ravager]
[01:29:45] [Render thread/INFO] (Minecraft) [System] [CHAT] [@: Summoned new Ravager]
[01:29:45] [Server thread/INFO] (Minecraft) [@: Summoned new Ravager]
[01:29:45] [Render thread/INFO] (Minecraft) [System] [CHAT] [@: Summoned new Ravager]
[01:29:45] [Server thread/INFO] (Minecraft) [@: Summoned new Ravager]
[01:29:45] [Render thread/INFO] (Minecraft) [System] [CHAT] [@: Summoned new Ravager]
[01:29:45] [Server thread/INFO] (Minecraft) [@: Summoned new Ravager]
[01:29:45] [Render thread/INFO] (Minecraft) [System] [CHAT] [@: Summoned new Ravager]
[01:29:45] [Server thread/INFO] (Minecraft) [@: Summoned new Ravager]
[01:29:45] [Render thread/INFO] (Minecraft) [System] [CHAT] [@: Summoned new Ravager]
[01:29:45] [Server thread/INFO] (Minecraft) [@: Summoned new Ravager]
[01:29:45] [Render thread/INFO] (Minecraft) [System] [CHAT] [@: Summoned new Ravager]
[01:29:45] [Server thread/INFO] (Minecraft) [@: Summoned new Ravager]
[01:29:45] [Render thread/INFO] (Minecraft) [System] [CHAT] [@: Summoned new Ravager]
[01:29:45] [Server thread/INFO] (Minecraft) [@: Summoned new Ravager]
[01:29:45] [Render thread/INFO] (Minecraft) [System] [CHAT] [@: Summoned new Ravager]
[01:29:45] [Server thread/INFO] (Minecraft) [@: Summoned new Ravager]
[01:29:45] [Render thread/INFO] (Minecraft) [System] [CHAT] [@: Summoned new Ravager]
[01:29:45] [Server thread/INFO] (Minecraft) [@: Summoned new Ravager]
[01:29:45] [Render thread/INFO] (Minecraft) [System] [CHAT] [@: Summoned new Ravager]
[01:29:45] [Server thread/INFO] (Minecraft) [@: Summoned new Ravager]
[01:29:45] [Render thread/INFO] (Minecraft) [System] [CHAT] [@: Summoned new Ravager]
[01:29:45] [Render thread/INFO] (Minecraft) Stopping!
[01:29:45] [Server thread/INFO] (Minecraft) [@: Summoned new Ravager]
[01:29:45] [Server thread/INFO] (Minecraft) Player148 lost connection: Disconnected
[01:29:45] [Server thread/INFO] (Minecraft) Player148 left the game
[01:29:45] [Server thread/INFO] (Minecraft) Stopping singleplayer server as player logged out
[01:29:46] [Server thread/INFO] (Minecraft) Stopping server
[01:29:46] [Server thread/INFO] (Minecraft) Saving players
[01:29:46] [Server thread/INFO] (Minecraft) Saving worlds
[01:29:47] [Server thread/INFO] (Minecraft) Saving chunks for level 'ServerLevel[test]'/minecraft:overworld
[01:29:48] [Server thread/INFO] (Minecraft) Saving chunks for level 'ServerLevel[test]'/minecraft:the_end
[01:29:48] [Server thread/INFO] (Minecraft) Saving chunks for level 'ServerLevel[test]'/minecraft:the_nether
[01:29:48] [Server thread/INFO] (Minecraft) ThreadedAnvilChunkStorage (test): All chunks are saved
[01:29:48] [Server thread/INFO] (Minecraft) ThreadedAnvilChunkStorage (DIM1): All chunks are saved
[01:29:48] [Server thread/INFO] (Minecraft) ThreadedAnvilChunkStorage (DIM-1): All chunks are saved
[01:29:48] [Server thread/INFO] (Minecraft) ThreadedAnvilChunkStorage: All dimensions are saved
